Archive member included to satisfy reference by file (symbol)

.\ARM_GCC_541\Debug\CE95277 ADC and UART.a(ADC_DelSig_1.o)
                              .\ARM_GCC_541\Debug\main.o (ADC_DelSig_1_Start)
.\ARM_GCC_541\Debug\CE95277 ADC and UART.a(ADC_DelSig_1_INT.o)
                              .\ARM_GCC_541\Debug\CE95277 ADC and UART.a(ADC_DelSig_1.o) (ADC_DelSig_1_ISR1)
.\ARM_GCC_541\Debug\CE95277 ADC and UART.a(ADC_DelSig_1_AMux.o)
                              .\ARM_GCC_541\Debug\CE95277 ADC and UART.a(ADC_DelSig_1.o) (ADC_DelSig_1_AMux_Select)
.\ARM_GCC_541\Debug\CE95277 ADC and UART.a(ADC_DelSig_1_Ext_CP_Clk.o)
                              .\ARM_GCC_541\Debug\CE95277 ADC and UART.a(ADC_DelSig_1.o) (ADC_DelSig_1_Ext_CP_Clk_SetDividerRegister)
.\ARM_GCC_541\Debug\CE95277 ADC and UART.a(ADC_DelSig_1_theACLK.o)
                              .\ARM_GCC_541\Debug\CE95277 ADC and UART.a(ADC_DelSig_1.o) (ADC_DelSig_1_theACLK_SetDividerRegister)
.\ARM_GCC_541\Debug\CE95277 ADC and UART.a(CyDmac.o)
                              .\ARM_GCC_541\Debug\Cm3Start.o (CyDmacConfigure)
.\ARM_GCC_541\Debug\CE95277 ADC and UART.a(CyLib.o)
                              .\ARM_GCC_541\Debug\Cm3Start.o (CyResetStatus)
.\ARM_GCC_541\Debug\CE95277 ADC and UART.a(cyPm.o)
                              .\ARM_GCC_541\Debug\CE95277 ADC and UART.a(CyLib.o) (CyPmReadStatus)
.\ARM_GCC_541\Debug\CE95277 ADC and UART.a(UART_1.o)
                              .\ARM_GCC_541\Debug\main.o (UART_1_Start)
.\ARM_GCC_541\Debug\CE95277 ADC and UART.a(UART_1_IntClock.o)
                              .\ARM_GCC_541\Debug\CE95277 ADC and UART.a(UART_1.o) (UART_1_IntClock_Start)
.\ARM_GCC_541\Debug\CE95277 ADC and UART.a(WaveDAC8.o)
                              .\ARM_GCC_541\Debug\main.o (WaveDAC8_Start)
.\ARM_GCC_541\Debug\CE95277 ADC and UART.a(WaveDAC8_DacClk.o)
                              .\ARM_GCC_541\Debug\CE95277 ADC and UART.a(WaveDAC8.o) (WaveDAC8_DacClk_Start)
.\ARM_GCC_541\Debug\CE95277 ADC and UART.a(WaveDAC8_Wave1_DMA_dma.o)
                              .\ARM_GCC_541\Debug\CE95277 ADC and UART.a(WaveDAC8.o) (WaveDAC8_Wave1_DMA_DmaInitialize)
.\ARM_GCC_541\Debug\CE95277 ADC and UART.a(WaveDAC8_Wave2_DMA_dma.o)
                              .\ARM_GCC_541\Debug\CE95277 ADC and UART.a(WaveDAC8.o) (WaveDAC8_Wave2_DMA_DmaInitialize)
.\ARM_GCC_541\Debug\CE95277 ADC and UART.a(WaveDAC8_VDAC8.o)
                              .\ARM_GCC_541\Debug\CE95277 ADC and UART.a(WaveDAC8.o) (WaveDAC8_VDAC8_Init)
.\ARM_GCC_541\Debug\CE95277 ADC and UART.a(Timer.o)
                              .\ARM_GCC_541\Debug\main.o (Timer_Start)
.\ARM_GCC_541\Debug\CE95277 ADC and UART.a(isr.o)
                              .\ARM_GCC_541\Debug\main.o (isr_StartEx)
.\ARM_GCC_541\Debug\CE95277 ADC and UART.a(CyBootAsmGnu.o)
                              .\ARM_GCC_541\Debug\cyfitter_cfg.o (CyDelayCycles)
.\ARM_GCC_541\Debug\CE95277 ADC and UART.a(CyFlash.o)
                              .\ARM_GCC_541\Debug\CE95277 ADC and UART.a(cyPm.o) (CyFlash_SetWaitCycles)
.\ARM_GCC_541\Debug\CE95277 ADC and UART.a(CySpc.o)
                              .\ARM_GCC_541\Debug\CE95277 ADC and UART.a(CyFlash.o) (CySpcStart)
c:/program files (x86)/cypress/psoc creator/4.2/psoc creator/import/gnu/arm/5.4.1/bin/../lib/gcc/arm-none-eabi/5.4.1/armv7-m\libgcc.a(_arm_addsubdf3.o)
                              .\ARM_GCC_541\Debug\CE95277 ADC and UART.a(ADC_DelSig_1.o) (__aeabi_f2d)
c:/program files (x86)/cypress/psoc creator/4.2/psoc creator/import/gnu/arm/5.4.1/bin/../lib/gcc/arm-none-eabi/5.4.1/armv7-m\libgcc.a(_arm_cmpdf2.o)
                              .\ARM_GCC_541\Debug\CE95277 ADC and UART.a(ADC_DelSig_1.o) (__aeabi_dcmpgt)
c:/program files (x86)/cypress/psoc creator/4.2/psoc creator/import/gnu/arm/5.4.1/bin/../lib/gcc/arm-none-eabi/5.4.1/armv7-m\libgcc.a(_arm_addsubsf3.o)
                              .\ARM_GCC_541\Debug\CE95277 ADC and UART.a(ADC_DelSig_1.o) (__aeabi_ui2f)
c:/program files (x86)/cypress/psoc creator/4.2/psoc creator/import/gnu/arm/5.4.1/bin/../lib/gcc/arm-none-eabi/5.4.1/armv7-m\libgcc.a(_arm_muldivsf3.o)
                              .\ARM_GCC_541\Debug\CE95277 ADC and UART.a(ADC_DelSig_1.o) (__aeabi_fmul)
c:/program files (x86)/cypress/psoc creator/4.2/psoc creator/import/gnu/arm/5.4.1/bin/../lib/gcc/arm-none-eabi/5.4.1/armv7-m\libgcc.a(_arm_fixunssfsi.o)
                              .\ARM_GCC_541\Debug\CE95277 ADC and UART.a(ADC_DelSig_1.o) (__aeabi_f2uiz)
c:/program files (x86)/cypress/psoc creator/4.2/psoc creator/import/gnu/arm/5.4.1/bin/../lib/gcc/arm-none-eabi/5.4.1/../../../../arm-none-eabi/lib/armv7-m\libg_nano.a(lib_a-errno.o)
                              .\ARM_GCC_541\Debug\Cm3Start.o (__errno)
c:/program files (x86)/cypress/psoc creator/4.2/psoc creator/import/gnu/arm/5.4.1/bin/../lib/gcc/arm-none-eabi/5.4.1/../../../../arm-none-eabi/lib/armv7-m\libg_nano.a(lib_a-exit.o)
[...]
Memory Configuration

Name             Origin             Length             Attributes
rom              0x00000000         0x00040000         xr
ram              0x1fff8000         0x00010000         xrw
*default*        0x00000000         0xffffffff

Linker script and memory map

LOAD c:/program files (x86)/cypress/psoc creator/4.2/psoc creator/import/gnu/arm/5.4.1/bin/../lib/gcc/arm-none-eabi/5.4.1/armv7-m/crti.o
LOAD c:/program files (x86)/cypress/psoc creator/4.2/psoc creator/import/gnu/arm/5.4.1/bin/../lib/gcc/arm-none-eabi/5.4.1/armv7-m/crtbegin.o
LOAD c:/program files (x86)/cypress/psoc creator/4.2/psoc creator/import/gnu/arm/5.4.1/bin/../lib/gcc/arm-none-eabi/5.4.1/../../../../arm-none-eabi/lib/armv7-m/crt0.o
START GROUP
LOAD .\ARM_GCC_541\Debug\main.o
LOAD .\ARM_GCC_541\Debug\cyfitter_cfg.o
LOAD .\ARM_GCC_541\Debug\cymetadata.o
LOAD .\ARM_GCC_541\Debug\Cm3Start.o
LOAD .\ARM_GCC_541\Debug\CE95277 ADC and UART.a
LOAD C:\Program Files (x86)\Cypress\PSoC Creator\4.2\PSoC Creator\psoc\content\cycomponentlibrary\CyComponentLibrary.cylib\CortexM3\ARM_GCC_541\Debug\CyComponentLibrary.a
END GROUP
START GROUP
LOAD c:/program files (x86)/cypress/psoc creator/4.2/psoc creator/import/gnu/arm/5.4.1/bin/../lib/gcc/arm-none-eabi/5.4.1/armv7-m\libgcc.a
LOAD c:/program files (x86)/cypress/psoc creator/4.2/psoc creator/import/gnu/arm/5.4.1/bin/../lib/gcc/arm-none-eabi/5.4.1/../../../../arm-none-eabi/lib/armv7-m\libg_nano.a
LOAD c:/program files (x86)/cypress/psoc creator/4.2/psoc creator/import/gnu/arm/5.4.1/bin/../lib/gcc/arm-none-eabi/5.4.1/../../../../arm-none-eabi/lib/armv7-m\libc_nano.a
END GROUP
START GROUP
LOAD c:/program files (x86)/cypress/psoc creator/4.2/psoc creator/import/gnu/arm/5.4.1/bin/../lib/gcc/arm-none-eabi/5.4.1/armv7-m\libgcc.a
LOAD c:/program files (x86)/cypress/psoc creator/4.2/psoc creator/import/gnu/arm/5.4.1/bin/../lib/gcc/arm-none-eabi/5.4.1/../../../../arm-none-eabi/lib/armv7-m\libc_nano.a
END GROUP
LOAD c:/program files (x86)/cypress/psoc creator/4.2/psoc creator/import/gnu/arm/5.4.1/bin/../lib/gcc/arm-none-eabi/5.4.1/armv7-m/crtend.o
LOAD c:/program files (x86)/cypress/psoc creator/4.2/psoc creator/import/gnu/arm/5.4.1/bin/../lib/gcc/arm-none-eabi/5.4.1/armv7-m/crtn.o
START GROUP
LOAD c:/program files (x86)/cypress/psoc creator/4.2/psoc creator/import/gnu/arm/5.4.1/bin/../lib/gcc/arm-none-eabi/5.4.1/armv7-m\libgcc.a
LOAD c:/program files (x86)/cypress/psoc creator/4.2/psoc creator/import/gnu/arm/5.4.1/bin/../lib/gcc/arm-none-eabi/5.4.1/../../../../arm-none-eabi/lib/armv7-m\libc.a
LOAD c:/program files (x86)/cypress/psoc creator/4.2/psoc creator/import/gnu/arm/5.4.1/bin/../lib/gcc/arm-none-eabi/5.4.1/../../../../arm-none-eabi/lib/armv7-m\libnosys.a
END GROUP
                0x00000000                CY_APPL_ORIGIN = 0x0
                0x00000100                CY_FLASH_ROW_SIZE = 0x100
                0x00000020                CY_ECC_ROW_SIZE = 0x20
                0x00000000                CY_EE_IN_BTLDR = 0x0
                0x00000000                CY_APPL_LOADABLE = 0x0
                0x00000800                CY_EE_SIZE = 0x800
                0x00000001                CY_APPL_NUM = 0x1
                0x00000001                CY_APPL_MAX = 0x1
                0x00000040                CY_METADATA_SIZE = 0x40
                0x00000000                CY_APPL_LOADABLE = 0x0
                0x00000000                CY_CHECKSUM_EXCLUDE_SIZE = ALIGN (0x0, CY_FLASH_ROW_SIZE)
                [!provide]                PROVIDE (__cy_heap_start, _end)
                0x00000001                PROVIDE (__cy_region_num, ((__cy_regions_end - __cy_regions) / 0x10))
                0x20008000                PROVIDE (__cy_stack, (ORIGIN (ram) + LENGTH (ram)))
                [!provide]                PROVIDE (__cy_heap_end, (__cy_stack - 0x800))

.cybootloader   0x00000000        0x0
 *(.cybootloader)
                0x00000000                appl1_start = CY_APPL_ORIGIN?CY_APPL_ORIGIN:ALIGN (CY_FLASH_ROW_SIZE)
                0x0001ff00                appl2_start = (appl1_start + ALIGN ((((LENGTH (rom) - appl1_start) - (0x2 * CY_FLASH_ROW_SIZE)) / 0x2), CY_FLASH_ROW_SIZE))
                0x00000000                appl_start = (CY_APPL_NUM == 0x1)?appl1_start:appl2_start
                0x00000000                ecc_offset = ((appl_start / CY_FLASH_ROW_SIZE) * CY_ECC_ROW_SIZE)
                0x00000000                ee_offset = (CY_APPL_LOADABLE && ! (CY_EE_IN_BTLDR))?((CY_EE_SIZE / CY_APPL_MAX) * (CY_APPL_NUM - 0x1)):0x0
                0x00000800                ee_size = (CY_APPL_LOADABLE && ! (CY_EE_IN_BTLDR))?(CY_EE_SIZE / CY_APPL_MAX):CY_EE_SIZE
                [!provide]                PROVIDE (CY_ECC_OFFSET, ecc_offset)

.text           0x00000000     0x280c
 CREATE_OBJECT_SYMBOLS
                0x00000000                PROVIDE (__cy_interrupt_vector, RomVectors)
 *(.romvectors)
 .romvectors    0x00000000       0x10 .\ARM_GCC_541\Debug\Cm3Start.o
                0x00000000                RomVectors
                0x00000001                ASSERT ((. != __cy_interrupt_vector), No interrupt vector)
                0x00000001                ASSERT (CY_APPL_ORIGIN?(SIZEOF (.cybootloader) <= CY_APPL_ORIGIN):0x1, Wrong image location)
                0x00000010                PROVIDE (__cy_reset, Reset)
 *(.text.Reset)
 .text.Reset    0x00000010       0x18 .\ARM_GCC_541\Debug\Cm3Start.o
                0x00000010                Reset
                0x00000001                ASSERT ((. != __cy_reset), No reset code)
 *(.dma_init)
                0x00000001                ASSERT ((((appl_start + .) <= 0x10000) || 0x1), DMA Init must be within the first 64k of flash)
 *(.text .text.* .gnu.linkonce.t.*)
 .text          0x00000028       0x5c c:/program files (x86)/cypress/psoc creator/4.2/psoc creator/import/gnu/arm/5.4.1/bin/../lib/gcc/arm-none-eabi/5.4.1/armv7-m/crtbegin.o
 .text.Transmit
                0x00000084       0x9c .\ARM_GCC_541\Debug\main.o
                0x00000084                Transmit
 .text.main     0x00000120       0xc0 .\ARM_GCC_541\Debug\main.o
                0x00000120                main
 .text.CYMEMZERO
                0x000001e0       0x1c .\ARM_GCC_541\Debug\cyfitter_cfg.o
 .text.CYCONFIGCPY
                0x000001fc       0x20 .\ARM_GCC_541\Debug\cyfitter_cfg.o
 .text.CyClockStartupError
                0x0000021c        0xc .\ARM_GCC_541\Debug\cyfitter_cfg.o
 .text.cfg_write_bytes32
                0x00000228       0x74 .\ARM_GCC_541\Debug\cyfitter_cfg.o
 .text.ClockSetup
                0x0000029c      0x180 .\ARM_GCC_541\Debug\cyfitter_cfg.o
 .text.AnalogSetDefault
                0x0000041c       0x58 .\ARM_GCC_541\Debug\cyfitter_cfg.o
 .text.ADC_DelSig_1_AMux_Set
                0x00000474       0x40 .\ARM_GCC_541\Debug\cyfitter_cfg.o
                0x00000474                ADC_DelSig_1_AMux_Set
 .text.ADC_DelSig_1_AMux_Unset
                0x000004b4       0x44 .\ARM_GCC_541\Debug\cyfitter_cfg.o
                0x000004b4                ADC_DelSig_1_AMux_Unset
 .text.cyfitter_cfg
                0x000004f8      0x158 .\ARM_GCC_541\Debug\cyfitter_cfg.o
                0x000004f8                cyfitter_cfg
 .text.IntDefaultHandler
                0x00000650       0x14 .\ARM_GCC_541\Debug\Cm3Start.o
                0x00000650                IntDefaultHandler
 .text._sbrk    0x00000664       0x50 .\ARM_GCC_541\Debug\Cm3Start.o
                0x00000664                _sbrk
 .text.Start_c  0x000006b4       0x98 .\ARM_GCC_541\Debug\Cm3Start.o
                0x000006b4                Start_c
 .text.initialize_psoc
                0x0000074c       0x94 .\ARM_GCC_541\Debug\Cm3Start.o
                0x0000074c                initialize_psoc
 .text.ADC_DelSig_1_Init
                0x000007e0      0x11c .\ARM_GCC_541\Debug\CE95277 ADC and UART.a(ADC_DelSig_1.o)
                0x000007e0                ADC_DelSig_1_Init
 .text.ADC_DelSig_1_Enable
                0x000008fc      0x158 .\ARM_GCC_541\Debug\CE95277 ADC and UART.a(ADC_DelSig_1.o)
                0x000008fc                ADC_DelSig_1_Enable
 .text.ADC_DelSig_1_Start
                0x00000a54       0x30 .\ARM_GCC_541\Debug\CE95277 ADC and UART.a(ADC_DelSig_1.o)
                0x00000a54                ADC_DelSig_1_Start
 .text.ADC_DelSig_1_StartConvert
                0x00000a84       0x20 .\ARM_GCC_541\Debug\CE95277 ADC and UART.a(ADC_DelSig_1.o)
                0x00000a84                ADC_DelSig_1_StartConvert
 .text.ADC_DelSig_1_IsEndConversion
                0x00000aa4       0x4c .\ARM_GCC_541\Debug\CE95277 ADC and UART.a(ADC_DelSig_1.o)
                0x00000aa4                ADC_DelSig_1_IsEndConversion
 .text.ADC_DelSig_1_GetResult16
                0x00000af0       0x7c .\ARM_GCC_541\Debug\CE95277 ADC and UART.a(ADC_DelSig_1.o)
                0x00000af0                ADC_DelSig_1_GetResult16
 .text.ADC_DelSig_1_InitConfig
                0x00000b6c      0x164 .\ARM_GCC_541\Debug\CE95277 ADC and UART.a(ADC_DelSig_1.o)
 .text.ADC_DelSig_1_GainCompensation
                0x00000cd0      0x170 .\ARM_GCC_541\Debug\CE95277 ADC and UART.a(ADC_DelSig_1.o)
 .text.ADC_DelSig_1_SetDSMRef0Reg
                0x00000e40       0x7c .\ARM_GCC_541\Debug\CE95277 ADC and UART.a(ADC_DelSig_1.o)
 .text.ADC_DelSig_1_ISR1
                0x00000ebc        0xc .\ARM_GCC_541\Debug\CE95277 ADC and UART.a(ADC_DelSig_1_INT.o)
                0x00000ebc                ADC_DelSig_1_ISR1
 .text.ADC_DelSig_1_AMux_Start
                0x00000ec8       0x34 .\ARM_GCC_541\Debug\CE95277 ADC and UART.a(ADC_DelSig_1_AMux.o)
                0x00000ec8                ADC_DelSig_1_AMux_Start
 .text.ADC_DelSig_1_AMux_Select
                0x00000efc       0x28 .\ARM_GCC_541\Debug\CE95277 ADC and UART.a(ADC_DelSig_1_AMux.o)
                0x00000efc                ADC_DelSig_1_AMux_Select
 .text.ADC_DelSig_1_Ext_CP_Clk_SetDividerRegister
                0x00000f24      0x164 .\ARM_GCC_541\Debug\CE95277 ADC and UART.a(ADC_DelSig_1_Ext_CP_Clk.o)
                0x00000f24                ADC_DelSig_1_Ext_CP_Clk_SetDividerRegister
 .text.ADC_DelSig_1_Ext_CP_Clk_GetDividerRegister
                0x00001088       0x18 .\ARM_GCC_541\Debug\CE95277 ADC and UART.a(ADC_DelSig_1_Ext_CP_Clk.o)
                0x00001088                ADC_DelSig_1_Ext_CP_Clk_GetDividerRegister
 .text.ADC_DelSig_1_Ext_CP_Clk_SetModeRegister
                0x000010a0       0x34 .\ARM_GCC_541\Debug\CE95277 ADC and UART.a(ADC_DelSig_1_Ext_CP_Clk.o)
                0x000010a0                ADC_DelSig_1_Ext_CP_Clk_SetModeRegister
 .text.ADC_DelSig_1_Ext_CP_Clk_GetSourceRegister
                0x000010d4       0x1c .\ARM_GCC_541\Debug\CE95277 ADC and UART.a(ADC_DelSig_1_Ext_CP_Clk.o)
                0x000010d4                ADC_DelSig_1_Ext_CP_Clk_GetSourceRegister
 .text.ADC_DelSig_1_theACLK_SetDividerRegister
                0x000010f0      0x164 .\ARM_GCC_541\Debug\CE95277 ADC and UART.a(ADC_DelSig_1_theACLK.o)
                0x000010f0                ADC_DelSig_1_theACLK_SetDividerRegister
 .text.ADC_DelSig_1_theACLK_GetDividerRegister
                0x00001254       0x18 .\ARM_GCC_541\Debug\CE95277 ADC and UART.a(ADC_DelSig_1_theACLK.o)
                0x00001254                ADC_DelSig_1_theACLK_GetDividerRegister
 .text.ADC_DelSig_1_theACLK_SetModeRegister
                0x0000126c       0x34 .\ARM_GCC_541\Debug\CE95277 ADC and UART.a(ADC_DelSig_1_theACLK.o)
                0x0000126c                ADC_DelSig_1_theACLK_SetModeRegister
 .text.ADC_DelSig_1_theACLK_GetSourceRegister
                0x000012a0       0x1c .\ARM_GCC_541\Debug\CE95277 ADC and UART.a(ADC_DelSig_1_theACLK.o)
                0x000012a0                ADC_DelSig_1_theACLK_GetSourceRegister
 .text.CyDmacConfigure
                0x000012bc       0x5c .\ARM_GCC_541\Debug\CE95277 ADC and UART.a(CyDmac.o)
                0x000012bc                CyDmacConfigure
 .text.CyDmaChEnable
                0x00001318       0x8c .\ARM_GCC_541\Debug\CE95277 ADC and UART.a(CyDmac.o)
                0x00001318                CyDmaChEnable
 .text.CyDmaChPriority
                0x000013a4       0x64 .\ARM_GCC_541\Debug\CE95277 ADC and UART.a(CyDmac.o)
                0x000013a4                CyDmaChPriority
 .text.CyDmaChSetExtendedAddress
                0x00001408       0x78 .\ARM_GCC_541\Debug\CE95277 ADC and UART.a(CyDmac.o)
                0x00001408                CyDmaChSetExtendedAddress
 .text.CyDmaChSetInitialTd
                0x00001480       0x3c .\ARM_GCC_541\Debug\CE95277 ADC and UART.a(CyDmac.o)
                0x00001480                CyDmaChSetInitialTd
 .text.CyDmaChSetConfiguration
                0x000014bc       0xa0 .\ARM_GCC_541\Debug\CE95277 ADC and UART.a(CyDmac.o)
                0x000014bc                CyDmaChSetConfiguration
 .text.CyDmaTdAllocate
                0x0000155c       0x5c .\ARM_GCC_541\Debug\CE95277 ADC and UART.a(CyDmac.o)
                0x0000155c                CyDmaTdAllocate
 .text.CyDmaTdSetConfiguration
                0x000015b8       0x80 .\ARM_GCC_541\Debug\CE95277 ADC and UART.a(CyDmac.o)
                0x000015b8                CyDmaTdSetConfiguration
 .text.CyDmaTdSetAddress
                0x00001638       0x5c .\ARM_GCC_541\Debug\CE95277 ADC and UART.a(CyDmac.o)
                0x00001638                CyDmaTdSetAddress
 .text.CyHalt   0x00001694       0x18 .\ARM_GCC_541\Debug\CE95277 ADC and UART.a(CyLib.o)
                0x00001694                CyHalt
 .text.CyDelayUs
                0x000016ac       0x28 .\ARM_GCC_541\Debug\CE95277 ADC and UART.a(CyLib.o)
                0x000016ac                CyDelayUs
 .text.CyIntSetVector
                0x000016d4       0x50 .\ARM_GCC_541\Debug\CE95277 ADC and UART.a(CyLib.o)
                0x000016d4                CyIntSetVector
 .text.CyIntSetPriority
                0x00001724       0x48 .\ARM_GCC_541\Debug\CE95277 ADC and UART.a(CyLib.o)
                0x00001724                CyIntSetPriority
 .text.UART_1_Start
                0x0000176c       0x24 .\ARM_GCC_541\Debug\CE95277 ADC and UART.a(UART_1.o)
                0x0000176c                UART_1_Start
 .text.UART_1_Init
                0x00001790       0x40 .\ARM_GCC_541\Debug\CE95277 ADC and UART.a(UART_1.o)
                0x00001790                UART_1_Init
 .text.UART_1_Enable
                0x000017d0       0x60 .\ARM_GCC_541\Debug\CE95277 ADC and UART.a(UART_1.o)
                0x000017d0                UART_1_Enable
 .text.UART_1_GetChar
                0x00001830       0x44 .\ARM_GCC_541\Debug\CE95277 ADC and UART.a(UART_1.o)
                0x00001830                UART_1_GetChar
 .text.UART_1_PutChar
                0x00001874       0x34 .\ARM_GCC_541\Debug\CE95277 ADC and UART.a(UART_1.o)
                0x00001874                UART_1_PutChar
 .text.UART_1_PutString
                0x000018a8       0x44 .\ARM_GCC_541\Debug\CE95277 ADC and UART.a(UART_1.o)
                0x000018a8                UART_1_PutString
 .text.UART_1_IntClock_Start
                0x000018ec       0x34 .\ARM_GCC_541\Debug\CE95277 ADC and UART.a(UART_1_IntClock.o)
                0x000018ec                UART_1_IntClock_Start
 .text.WaveDAC8_Init
                0x00001920       0x50 .\ARM_GCC_541\Debug\CE95277 ADC and UART.a(WaveDAC8.o)
                0x00001920                WaveDAC8_Init
 .text.WaveDAC8_Enable
                0x00001970       0x38 .\ARM_GCC_541\Debug\CE95277 ADC and UART.a(WaveDAC8.o)
                0x00001970                WaveDAC8_Enable
 .text.WaveDAC8_Start
                0x000019a8       0x24 .\ARM_GCC_541\Debug\CE95277 ADC and UART.a(WaveDAC8.o)
                0x000019a8                WaveDAC8_Start
 .text.WaveDAC8_Wave1Setup
                0x000019cc       0x68 .\ARM_GCC_541\Debug\CE95277 ADC and UART.a(WaveDAC8.o)
                0x000019cc                WaveDAC8_Wave1Setup
 .text.WaveDAC8_Wave2Setup
                0x00001a34       0x68 .\ARM_GCC_541\Debug\CE95277 ADC and UART.a(WaveDAC8.o)
                0x00001a34                WaveDAC8_Wave2Setup
 .text.WaveDAC8_DacClk_Start
                0x00001a9c       0x34 .\ARM_GCC_541\Debug\CE95277 ADC and UART.a(WaveDAC8_DacClk.o)
                0x00001a9c                WaveDAC8_DacClk_Start
 .text.WaveDAC8_Wave1_DMA_DmaInitialize
                0x00001ad0       0x64 .\ARM_GCC_541\Debug\CE95277 ADC and UART.a(WaveDAC8_Wave1_DMA_dma.o)
                0x00001ad0                WaveDAC8_Wave1_DMA_DmaInitialize
 .text.WaveDAC8_Wave2_DMA_DmaInitialize
                0x00001b34       0x64 .\ARM_GCC_541\Debug\CE95277 ADC and UART.a(WaveDAC8_Wave2_DMA_dma.o)
                0x00001b34                WaveDAC8_Wave2_DMA_DmaInitialize
 .text.WaveDAC8_VDAC8_Init
                0x00001b98       0x3c .\ARM_GCC_541\Debug\CE95277 ADC and UART.a(WaveDAC8_VDAC8.o)
                0x00001b98                WaveDAC8_VDAC8_Init
 .text.WaveDAC8_VDAC8_Enable
                0x00001bd4       0x34 .\ARM_GCC_541\Debug\CE95277 ADC and UART.a(WaveDAC8_VDAC8.o)
                0x00001bd4                WaveDAC8_VDAC8_Enable
 .text.WaveDAC8_VDAC8_SetSpeed
                0x00001c08       0x40 .\ARM_GCC_541\Debug\CE95277 ADC and UART.a(WaveDAC8_VDAC8.o)
                0x00001c08                WaveDAC8_VDAC8_SetSpeed
 .text.WaveDAC8_VDAC8_SetRange
                0x00001c48       0x40 .\ARM_GCC_541\Debug\CE95277 ADC and UART.a(WaveDAC8_VDAC8.o)
                0x00001c48                WaveDAC8_VDAC8_SetRange
 .text.WaveDAC8_VDAC8_SetValue
                0x00001c88       0x20 .\ARM_GCC_541\Debug\CE95277 ADC and UART.a(WaveDAC8_VDAC8.o)
                0x00001c88                WaveDAC8_VDAC8_SetValue
 .text.WaveDAC8_VDAC8_DacTrim
                0x00001ca8       0x3c .\ARM_GCC_541\Debug\CE95277 ADC and UART.a(WaveDAC8_VDAC8.o)
                0x00001ca8                WaveDAC8_VDAC8_DacTrim
 .text.Timer_Init
                0x00001ce4       0xa0 .\ARM_GCC_541\Debug\CE95277 ADC and UART.a(Timer.o)
                0x00001ce4                Timer_Init
 .text.Timer_Enable
                0x00001d84       0x48 .\ARM_GCC_541\Debug\CE95277 ADC and UART.a(Timer.o)
                0x00001d84                Timer_Enable
 .text.Timer_Start
                0x00001dcc       0x24 .\ARM_GCC_541\Debug\CE95277 ADC and UART.a(Timer.o)
                0x00001dcc                Timer_Start
 .text.Timer_SetInterruptMode
                0x00001df0       0x20 .\ARM_GCC_541\Debug\CE95277 ADC and UART.a(Timer.o)
                0x00001df0                Timer_SetInterruptMode
 .text.Timer_WritePeriod
                0x00001e10       0x24 .\ARM_GCC_541\Debug\CE95277 ADC and UART.a(Timer.o)
                0x00001e10                Timer_WritePeriod
 .text.Timer_WriteCounter
                0x00001e34       0x20 .\ARM_GCC_541\Debug\CE95277 ADC and UART.a(Timer.o)
                0x00001e34                Timer_WriteCounter
 .text.isr_StartEx
                0x00001e54       0x24 .\ARM_GCC_541\Debug\CE95277 ADC and UART.a(isr.o)
                0x00001e54                isr_StartEx
 .text.isr_SetVector
                0x00001e78       0x24 .\ARM_GCC_541\Debug\CE95277 ADC and UART.a(isr.o)
                0x00001e78                isr_SetVector
 .text.isr_SetPriority
                0x00001e9c       0x24 .\ARM_GCC_541\Debug\CE95277 ADC and UART.a(isr.o)
                0x00001e9c                isr_SetPriority
 .text.isr_Enable
                0x00001ec0       0x18 .\ARM_GCC_541\Debug\CE95277 ADC and UART.a(isr.o)
                0x00001ec0                isr_Enable
 .text.isr_Disable
                0x00001ed8       0x18 .\ARM_GCC_541\Debug\CE95277 ADC and UART.a(isr.o)
                0x00001ed8                isr_Disable
 .text          0x00001ef0       0x54 .\ARM_GCC_541\Debug\CE95277 ADC and UART.a(CyBootAsmGnu.o)
                0x00001ef0                CyDelayCycles
                0x00001f2e                CyEnterCriticalSection
                0x00001f36                CyExitCriticalSection
 .text.__errno  0x00001f44        0xc c:/program files (x86)/cypress/psoc creator/4.2/psoc creator/import/gnu/arm/5.4.1/bin/../lib/gcc/arm-none-eabi/5.4.1/../../../../arm-none-eabi/lib/armv7-m\libg_nano.a(lib_a-errno.o)
                0x00001f44                __errno
 .text.__libc_init_array
                0x00001f50       0x4c c:/program files (x86)/cypress/psoc creator/4.2/psoc creator/import/gnu/arm/5.4.1/bin/../lib/gcc/arm-none-eabi/5.4.1/../../../../arm-none-eabi/lib/armv7-m\libg_nano.a(lib_a-init.o)
                0x00001f50                __libc_init_array
 .text.memcpy   0x00001f9c       0x16 c:/program files (x86)/cypress/psoc creator/4.2/psoc creator/import/gnu/arm/5.4.1/bin/../lib/gcc/arm-none-eabi/5.4.1/../../../../arm-none-eabi/lib/armv7-m\libg_nano.a(lib_a-memcpy-stub.o)
                0x00001f9c                memcpy
 .text.memset   0x00001fb2       0x10 c:/program files (x86)/cypress/psoc creator/4.2/psoc creator/import/gnu/arm/5.4.1/bin/../lib/gcc/arm-none-eabi/5.4.1/../../../../arm-none-eabi/lib/armv7-m\libg_nano.a(lib_a-memset.o)
                0x00001fb2                memset
 *fill*         0x00001fc2        0x2 
 .text.sprintf  0x00001fc4       0x48 c:/program files (x86)/cypress/psoc creator/4.2/psoc creator/import/gnu/arm/5.4.1/bin/../lib/gcc/arm-none-eabi/5.4.1/../../../../arm-none-eabi/lib/armv7-m\libg_nano.a(lib_a-sprintf.o)
                0x00001fc4                siprintf
                0x00001fc4                sprintf
 .text.__ssputs_r
                0x0000200c       0xb2 c:/program files (x86)/cypress/psoc creator/4.2/psoc creator/import/gnu/arm/5.4.1/bin/../lib/gcc/arm-none-eabi/5.4.1/../../../../arm-none-eabi/lib/armv7-m\libg_nano.a(lib_a-nano-svfprintf.o)
                0x0000200c                __ssputs_r
 *fill*         0x000020be        0x2 
 .text._svfprintf_r
                0x000020c0      0x1e8 c:/program files (x86)/cypress/psoc creator/4.2/psoc creator/import/gnu/arm/5.4.1/bin/../lib/gcc/arm-none-eabi/5.4.1/../../../../arm-none-eabi/lib/armv7-m\libg_nano.a(lib_a-nano-svfprintf.o)
                0x000020c0                _svfiprintf_r
                0x000020c0                _svfprintf_r
 .text._printf_common
                0x000022a8       0xec c:/program files (x86)/cypress/psoc creator/4.2/psoc creator/import/gnu/arm/5.4.1/bin/../lib/gcc/arm-none-eabi/5.4.1/../../../../arm-none-eabi/lib/armv7-m\libg_nano.a(lib_a-nano-vfprintf_i.o)
                0x000022a8                _printf_common
 .text._printf_i
                0x00002394      0x24c c:/program files (x86)/cypress/psoc creator/4.2/psoc creator/import/gnu/arm/5.4.1/bin/../lib/gcc/arm-none-eabi/5.4.1/../../../../arm-none-eabi/lib/armv7-m\libg_nano.a(lib_a-nano-vfprintf_i.o)
                0x00002394                _printf_i
 .text.memchr   0x000025e0       0x1c c:/program files (x86)/cypress/psoc creator/4.2/psoc creator/import/gnu/arm/5.4.1/bin/../lib/gcc/arm-none-eabi/5.4.1/../../../../arm-none-eabi/lib/armv7-m\libg_nano.a(lib_a-memchr-stub.o)
                0x000025e0                memchr
 .text.memmove  0x000025fc       0x36 c:/program files (x86)/cypress/psoc creator/4.2/psoc creator/import/gnu/arm/5.4.1/bin/../lib/gcc/arm-none-eabi/5.4.1/../../../../arm-none-eabi/lib/armv7-m\libg_nano.a(lib_a-memmove.o)
                0x000025fc                memmove
 *fill*         0x00002632        0x2 
 .text._free_r  0x00002634       0x98 c:/program files (x86)/cypress/psoc creator/4.2/psoc creator/import/gnu/arm/5.4.1/bin/../lib/gcc/arm-none-eabi/5.4.1/../../../../arm-none-eabi/lib/armv7-m\libg_nano.a(lib_a-nano-freer.o)
                0x00002634                _free_r
 .text._malloc_r
                0x000026cc       0xbc c:/program files (x86)/cypress/psoc creator/4.2/psoc creator/import/gnu/arm/5.4.1/bin/../lib/gcc/arm-none-eabi/5.4.1/../../../../arm-none-eabi/lib/armv7-m\libg_nano.a(lib_a-nano-mallocr.o)
                0x000026cc                _malloc_r
 .text._realloc_r
                0x00002788       0x4c c:/program files (x86)/cypress/psoc creator/4.2/psoc creator/import/gnu/arm/5.4.1/bin/../lib/gcc/arm-none-eabi/5.4.1/../../../../arm-none-eabi/lib/armv7-m\libg_nano.a(lib_a-nano-reallocr.o)
                0x00002788                _realloc_r
 .text._sbrk_r  0x000027d4       0x20 c:/program files (x86)/cypress/psoc creator/4.2/psoc creator/import/gnu/arm/5.4.1/bin/../lib/gcc/arm-none-eabi/5.4.1/../../../../arm-none-eabi/lib/armv7-m\libg_nano.a(lib_a-sbrkr.o)
                0x000027d4                _sbrk_r
 .text.__malloc_lock
                0x000027f4        0x2 c:/program files (x86)/cypress/psoc creator/4.2/psoc creator/import/gnu/arm/5.4.1/bin/../lib/gcc/arm-none-eabi/5.4.1/../../../../arm-none-eabi/lib/armv7-m\libg_nano.a(lib_a-mlock.o)
                0x000027f4                __malloc_lock
 .text.__malloc_unlock
                0x000027f6        0x2 c:/program files (x86)/cypress/psoc creator/4.2/psoc creator/import/gnu/arm/5.4.1/bin/../lib/gcc/arm-none-eabi/5.4.1/../../../../arm-none-eabi/lib/armv7-m\libg_nano.a(lib_a-mlock.o)
                0x000027f6                __malloc_unlock
 .text._malloc_usable_size_r
                0x000027f8       0x14 c:/program files (x86)/cypress/psoc creator/4.2/psoc creator/import/gnu/arm/5.4.1/bin/../lib/gcc/arm-none-eabi/5.4.1/../../../../arm-none-eabi/lib/armv7-m\libg_nano.a(lib_a-nano-msizer.o)
                0x000027f8                _malloc_usable_size_r
 *(.plt)
 *(.gnu.warning)
 *(.glue_7t)
 .glue_7t       0x0000280c        0x0 linker stubs
 *(.glue_7)
 .glue_7        0x0000280c        0x0 linker stubs
 *(.vfp11_veneer)
 .vfp11_veneer  0x0000280c        0x0 linker stubs
 *(.bootloader)
 *(.ARM.extab* .gnu.linkonce.armextab.*)
 *(.gcc_except_table)

.v4_bx          0x0000280c        0x0
 .v4_bx         0x0000280c        0x0 linker stubs

.iplt           0x0000280c        0x0
 .iplt          0x0000280c        0x0 c:/program files (x86)/cypress/psoc creator/4.2/psoc creator/import/gnu/arm/5.4.1/bin/../lib/gcc/arm-none-eabi/5.4.1/armv7-m/crtbegin.o

.eh_frame_hdr
 *(.eh_frame_hdr)

.eh_frame       0x0000280c        0x4
 *(.eh_frame)
 .eh_frame      0x0000280c        0x0 c:/program files (x86)/cypress/psoc creator/4.2/psoc creator/import/gnu/arm/5.4.1/bin/../lib/gcc/arm-none-eabi/5.4.1/armv7-m/crtbegin.o
 .eh_frame      0x0000280c        0x4 c:/program files (x86)/cypress/psoc creator/4.2/psoc creator/import/gnu/arm/5.4.1/bin/../lib/gcc/arm-none-eabi/5.4.1/armv7-m/crtend.o
                [!provide]                PROVIDE (__exidx_start, .)

.ARM.exidx
 *(.ARM.exidx* .gnu.linkonce.armexidx.*)
                0x00002810                __exidx_end = .

.rodata         0x00002810      0x198
 *(.rodata .rodata.* .gnu.linkonce.r.*)
 .rodata        0x00002810       0x1e .\ARM_GCC_541\Debug\main.o
 *fill*         0x0000282e        0x2 
 .rodata        0x00002830       0x42 .\ARM_GCC_541\Debug\cyfitter_cfg.o
                0x00002830                ADC_DelSig_1_AMux__addrTable
                0x00002838                ADC_DelSig_1_AMux__maskTable
 *fill*         0x00002872        0x2 
 .rodata        0x00002874       0xc8 .\ARM_GCC_541\Debug\CE95277 ADC and UART.a(WaveDAC8.o)
                0x00002874                WaveDAC8_wave1
                0x000028d8                WaveDAC8_wave2
 .rodata.str1.1
                0x0000293c        0x2 c:/program files (x86)/cypress/psoc creator/4.2/psoc creator/import/gnu/arm/5.4.1/bin/../lib/gcc/arm-none-eabi/5.4.1/../../../../arm-none-eabi/lib/armv7-m\libg_nano.a(lib_a-impure.o)
 .rodata.str1.1
                0x0000293e       0x11 c:/program files (x86)/cypress/psoc creator/4.2/psoc creator/import/gnu/arm/5.4.1/bin/../lib/gcc/arm-none-eabi/5.4.1/../../../../arm-none-eabi/lib/armv7-m\libg_nano.a(lib_a-nano-svfprintf.o)
 .rodata.str1.1
                0x0000294f       0x22 c:/program files (x86)/cypress/psoc creator/4.2/psoc creator/import/gnu/arm/5.4.1/bin/../lib/gcc/arm-none-eabi/5.4.1/../../../../arm-none-eabi/lib/armv7-m\libg_nano.a(lib_a-nano-vfprintf_i.o)
                0x00002974                . = ALIGN (0x4)
 *fill*         0x00002971        0x3 
 *(.init)
 .init          0x00002974        0x4 c:/program files (x86)/cypress/psoc creator/4.2/psoc creator/import/gnu/arm/5.4.1/bin/../lib/gcc/arm-none-eabi/5.4.1/armv7-m/crti.o
                0x00002974                _init
 .init          0x00002978        0x8 c:/program files (x86)/cypress/psoc creator/4.2/psoc creator/import/gnu/arm/5.4.1/bin/../lib/gcc/arm-none-eabi/5.4.1/armv7-m/crtn.o
                0x00002980                . = ALIGN (0x4)
                0x00002980                __preinit_array_start = .
 *(.preinit_array)
                0x00002980                __preinit_array_end = .
                0x00002980                . = ALIGN (0x4)
                0x00002980                __init_array_start = .
 *(SORT(.init_array.*))
 *(.init_array)
 .init_array    0x00002980        0x4 c:/program files (x86)/cypress/psoc creator/4.2/psoc creator/import/gnu/arm/5.4.1/bin/../lib/gcc/arm-none-eabi/5.4.1/armv7-m/crtbegin.o
 .init_array    0x00002984        0x4 .\ARM_GCC_541\Debug\Cm3Start.o
                0x00002988                __init_array_end = .
                0x00002988                . = ALIGN (0x4)
 *(.fini)
 .fini          0x00002988        0x4 c:/program files (x86)/cypress/psoc creator/4.2/psoc creator/import/gnu/arm/5.4.1/bin/../lib/gcc/arm-none-eabi/5.4.1/armv7-m/crti.o
                0x00002988                _fini
 .fini          0x0000298c        0x8 c:/program files (x86)/cypress/psoc creator/4.2/psoc creator/import/gnu/arm/5.4.1/bin/../lib/gcc/arm-none-eabi/5.4.1/armv7-m/crtn.o
                0x00002994                . = ALIGN (0x4)
                0x00002994                __fini_array_start = .
 *(.fini_array)
 .fini_array    0x00002994        0x4 c:/program files (x86)/cypress/psoc creator/4.2/psoc creator/import/gnu/arm/5.4.1/bin/../lib/gcc/arm-none-eabi/5.4.1/armv7-m/crtbegin.o
 *(SORT(.fini_array.*))
                0x00002998                __fini_array_end = .
                0x00002998                . = ALIGN (0x4)
 *crtbegin.o(.ctors)
 *(EXCLUDE_FILE(*crtend.o) .ctors)
 *(SORT(.ctors.*))
 *crtend.o(.ctors)
                0x00002998                . = ALIGN (0x4)
 *crtbegin.o(.dtors)
 *(EXCLUDE_FILE(*crtend.o) .dtors)
 *(SORT(.dtors.*))
 *crtend.o(.dtors)
                0x00002998                . = ALIGN (0x4)
                0x00002998                __cy_regions = .
                0x00002998        0x4 LONG 0x29a8 __cy_region_init_ram
                0x0000299c        0x4 LONG 0x1fff80c8 __cy_region_start_data
                0x000029a0        0x4 LONG 0x90 __cy_region_init_size_ram
                0x000029a4        0x4 LONG 0x58 __cy_region_zero_size_ram
                0x000029a8                __cy_regions_end = .
                0x000029a8                . = ALIGN (0x8)
                0x000029a8                _etext = .

.cy_checksum_exclude
                0x000029a8        0x0
 *(.cy_checksum_exclude)

.ramvectors     0x1fff8000       0xc0
                0x1fff8000                __cy_region_start_ram = .
 *(.ramvectors)
 .ramvectors    0x1fff8000       0xc0 .\ARM_GCC_541\Debug\Cm3Start.o
                0x1fff8000                CyRamVectors

.noinit         0x1fff80c0        0x5
 *(.noinit)
 .noinit        0x1fff80c0        0x4 .\ARM_GCC_541\Debug\Cm3Start.o
 .noinit        0x1fff80c4        0x1 .\ARM_GCC_541\Debug\CE95277 ADC and UART.a(CyLib.o)
                0x1fff80c4                CyResetStatus

.data           0x1fff80c8       0x90 load address 0x000029a8
                0x1fff80c8                __cy_region_start_data = .
 *(.jcr)
 .jcr           0x1fff80c8        0x0 c:/program files (x86)/cypress/psoc creator/4.2/psoc creator/import/gnu/arm/5.4.1/bin/../lib/gcc/arm-none-eabi/5.4.1/armv7-m/crtbegin.o
 .jcr           0x1fff80c8        0x4 c:/program files (x86)/cypress/psoc creator/4.2/psoc creator/import/gnu/arm/5.4.1/bin/../lib/gcc/arm-none-eabi/5.4.1/armv7-m/crtend.o
 *(.got.plt)
 *(.got)
 *(.shdata)
 *(.data .data.* .gnu.linkonce.d.*)
 .data          0x1fff80cc        0x4 .\ARM_GCC_541\Debug\Cm3Start.o
 .data          0x1fff80d0        0x1 .\ARM_GCC_541\Debug\CE95277 ADC and UART.a(ADC_DelSig_1.o)
                0x1fff80d0                ADC_DelSig_1_Config
 .data          0x1fff80d1        0x1 .\ARM_GCC_541\Debug\CE95277 ADC and UART.a(ADC_DelSig_1_AMux.o)
 *fill*         0x1fff80d2        0x2 
 .data          0x1fff80d4        0x8 .\ARM_GCC_541\Debug\CE95277 ADC and UART.a(CyDmac.o)
 .data          0x1fff80dc       0x10 .\ARM_GCC_541\Debug\CE95277 ADC and UART.a(CyLib.o)
                0x1fff80dc                cydelay_freq_hz
                0x1fff80e0                cydelay_freq_khz
                0x1fff80e4                cydelay_freq_mhz
                0x1fff80e8                cydelay_32k_ms
 .data          0x1fff80ec        0x1 .\ARM_GCC_541\Debug\CE95277 ADC and UART.a(WaveDAC8_Wave1_DMA_dma.o)
                0x1fff80ec                WaveDAC8_Wave1_DMA_DmaHandle
 .data          0x1fff80ed        0x1 .\ARM_GCC_541\Debug\CE95277 ADC and UART.a(WaveDAC8_Wave2_DMA_dma.o)
                0x1fff80ed                WaveDAC8_Wave2_DMA_DmaHandle
 *fill*         0x1fff80ee        0x2 
 .data.impure_data
                0x1fff80f0       0x60 c:/program files (x86)/cypress/psoc creator/4.2/psoc creator/import/gnu/arm/5.4.1/bin/../lib/gcc/arm-none-eabi/5.4.1/../../../../arm-none-eabi/lib/armv7-m\libg_nano.a(lib_a-impure.o)
 .data._impure_ptr
                0x1fff8150        0x4 c:/program files (x86)/cypress/psoc creator/4.2/psoc creator/import/gnu/arm/5.4.1/bin/../lib/gcc/arm-none-eabi/5.4.1/../../../../arm-none-eabi/lib/armv7-m\libg_nano.a(lib_a-impure.o)
                0x1fff8150                _impure_ptr
                0x1fff8158                . = ALIGN (0x8)
 *fill*         0x1fff8154        0x4 
 *(.ram)
                0x1fff8158                _edata = .

.igot.plt       0x1fff8158        0x0 load address 0x00002a38
 .igot.plt      0x1fff8158        0x0 c:/program files (x86)/cypress/psoc creator/4.2/psoc creator/import/gnu/arm/5.4.1/bin/../lib/gcc/arm-none-eabi/5.4.1/armv7-m/crtbegin.o

.bss            0x1fff8158       0x58 load address 0x00002a38
                0x1fff8158                PROVIDE (__bss_start__, .)
 *(.shbss)
 *(.bss .bss.* .gnu.linkonce.b.*)
 .bss           0x1fff8158       0x1c c:/program files (x86)/cypress/psoc creator/4.2/psoc creator/import/gnu/arm/5.4.1/bin/../lib/gcc/arm-none-eabi/5.4.1/armv7-m/crtbegin.o
 .bss           0x1fff8174        0xc .\ARM_GCC_541\Debug\CE95277 ADC and UART.a(ADC_DelSig_1.o)
                0x1fff8174                ADC_DelSig_1_convDone
                0x1fff8175                ADC_DelSig_1_stopConversion
                0x1fff8176                ADC_DelSig_1_initVar
                0x1fff8177                ADC_DelSig_1_started
                0x1fff8178                ADC_DelSig_1_Offset
 .bss           0x1fff8180        0x2 .\ARM_GCC_541\Debug\CE95277 ADC and UART.a(UART_1.o)
                0x1fff8180                UART_1_initVar
 .bss           0x1fff8182        0x5 .\ARM_GCC_541\Debug\CE95277 ADC and UART.a(WaveDAC8.o)
                0x1fff8182                WaveDAC8_initVar
 .bss           0x1fff8187        0x1 .\ARM_GCC_541\Debug\CE95277 ADC and UART.a(Timer.o)
                0x1fff8187                Timer_initVar
 .bss.__malloc_sbrk_start
                0x1fff8188        0x4 c:/program files (x86)/cypress/psoc creator/4.2/psoc creator/import/gnu/arm/5.4.1/bin/../lib/gcc/arm-none-eabi/5.4.1/../../../../arm-none-eabi/lib/armv7-m\libg_nano.a(lib_a-nano-mallocr.o)
                0x1fff8188                __malloc_sbrk_start
 .bss.__malloc_free_list
                0x1fff818c        0x4 c:/program files (x86)/cypress/psoc creator/4.2/psoc creator/import/gnu/arm/5.4.1/bin/../lib/gcc/arm-none-eabi/5.4.1/../../../../arm-none-eabi/lib/armv7-m\libg_nano.a(lib_a-nano-mallocr.o)
                0x1fff818c                __malloc_free_list
 *(COMMON)
 COMMON         0x1fff8190       0x16 .\ARM_GCC_541\Debug\main.o
                0x1fff8190                TransmitBuffer
                0x1fff81a0                ContinuouslySendData
                0x1fff81a1                SendEmulatedData
                0x1fff81a2                Output
                0x1fff81a4                SendSingleByte
                0x1fff81a5                EmulatedData
 *fill*         0x1fff81a6        0x2 
 COMMON         0x1fff81a8        0x4 .\ARM_GCC_541\Debug\CE95277 ADC and UART.a(ADC_DelSig_1.o)
                0x1fff81a8                ADC_DelSig_1_CountsPerVolt
 COMMON         0x1fff81ac        0x4 c:/program files (x86)/cypress/psoc creator/4.2/psoc creator/import/gnu/arm/5.4.1/bin/../lib/gcc/arm-none-eabi/5.4.1/../../../../arm-none-eabi/lib/armv7-m\libg_nano.a(lib_a-reent.o)
                0x1fff81ac                errno
                0x1fff81b0                . = ALIGN (0x8)
 *(.ram.b)
                0x1fff81b0                _end = .
                0x1fff81b0                __end = .
                0x1fff81b0                PROVIDE (end, .)
                0x1fff81b0                PROVIDE (__bss_end__, .)
                0x000029a8                __cy_region_init_ram = LOADADDR (.data)
                0x00000090                __cy_region_init_size_ram = (_edata - ADDR (.data))
                0x00000058                __cy_region_zero_size_ram = (_end - _edata)

.heap           0x1fff81b0       0x80 load address 0x00002a38
                0x1fff81b0                . = _end
                0x1fff8230                . = (. + 0x80)
 *fill*         0x1fff81b0       0x80 
                0x1fff8230                __cy_heap_limit = .

.stack          0x20007800      0x800
                0x20007800                __cy_stack_limit = .
                0x20008000                . = (. + 0x800)
 *fill*         0x20007800      0x800 
                0x00000001                ASSERT ((__cy_stack_limit >= __cy_heap_limit), region RAM overflowed with stack)
                0x00000000                cy_checksum_exclude_size = (CY_APPL_LOADABLE == 0x1)?SIZEOF (.cy_checksum_exclude):0x0
                0x00000001                ASSERT ((cy_checksum_exclude_size <= CY_CHECKSUM_EXCLUDE_SIZE), CY_BOOT: Section .cy_checksum_exclude size exceedes specified limit.)

.cyloadermeta
 *(.cyloadermeta)

.cyloadablemeta
 *(.cyloadablemeta)

.cyconfigecc    0x80000000      0x4b0
 *(.cyconfigecc)
 .cyconfigecc   0x80000000      0x4b0 .\ARM_GCC_541\Debug\cymetadata.o
                0x80000000                cy_meta_configecc

.cycustnvl      0x90000000        0x4
 *(.cycustnvl)
 .cycustnvl     0x90000000        0x4 .\ARM_GCC_541\Debug\cymetadata.o
                0x90000000                cy_meta_custnvl

.cywolatch      0x90100000        0x4
 *(.cywolatch)
 .cywolatch     0x90100000        0x4 .\ARM_GCC_541\Debug\cymetadata.o
                0x90100000                cy_meta_wonvl

.cyeeprom       0x90200000        0x0
 *(.cyeeprom)
                0x00000001                ASSERT ((. <= ((0x90200000 + ee_offset) + ee_size)), .cyeeprom data will not fit in EEPROM)

.cyflashprotect
                0x90400000      0x100
 *(.cyflashprotect)
 .cyflashprotect
                0x90400000      0x100 .\ARM_GCC_541\Debug\cymetadata.o
                0x90400000                cy_meta_flashprotect

.cymeta         0x90500000        0xc
 *(.cymeta)
 .cymeta        0x90500000        0xc .\ARM_GCC_541\Debug\cymetadata.o
                0x90500000                cy_metadata

.rel.dyn        0x00002a38        0x0 load address 0x9050000c
 .rel.iplt      0x00002a38        0x0 c:/program files (x86)/cypress/psoc creator/4.2/psoc creator/import/gnu/arm/5.4.1/bin/../lib/gcc/arm-none-eabi/5.4.1/armv7-m/crtbegin.o

.stab
 *(.stab)

.stabstr
 *(.stabstr)

.debug
 *(.debug)

.line
 *(.line)

.debug_srcinfo
 *(.debug_srcinfo)

.debug_sfnames
 *(.debug_sfnames)

.debug_aranges  0x00000000      0xc30
 *(.debug_aranges)
 .debug_aranges
                0x00000000       0x28 .\ARM_GCC_541\Debug\main.o
 .debug_aranges
                0x00000028       0x70 .\ARM_GCC_541\Debug\cyfitter_cfg.o
 .debug_aranges
                0x00000098       0x18 .\ARM_GCC_541\Debug\cymetadata.o
 .debug_aranges
                0x000000b0       0x48 .\ARM_GCC_541\Debug\Cm3Start.o
 .debug_aranges
                0x000000f8       0xe8 .\ARM_GCC_541\Debug\CE95277 ADC and UART.a(ADC_DelSig_1.o)
 .debug_aranges
                0x000001e0       0x38 .\ARM_GCC_541\Debug\CE95277 ADC and UART.a(ADC_DelSig_1_INT.o)
 .debug_aranges
                0x00000218       0x30 .\ARM_GCC_541\Debug\CE95277 ADC and UART.a(ADC_DelSig_1_AMux.o)
 .debug_aranges
                0x00000248       0x70 .\ARM_GCC_541\Debug\CE95277 ADC and UART.a(ADC_DelSig_1_Ext_CP_Clk.o)
 .debug_aranges
                0x000002b8       0x80 .\ARM_GCC_541\Debug\CE95277 ADC and UART.a(ADC_DelSig_1_theACLK.o)
 .debug_aranges
                0x00000338       0xd8 .\ARM_GCC_541\Debug\CE95277 ADC and UART.a(CyDmac.o)
 .debug_aranges
                0x00000410      0x2a0 .\ARM_GCC_541\Debug\CE95277 ADC and UART.a(CyLib.o)
 .debug_aranges
                0x000006b0       0x98 .\ARM_GCC_541\Debug\CE95277 ADC and UART.a(cyPm.o)
 .debug_aranges
                0x00000748       0xf0 .\ARM_GCC_541\Debug\CE95277 ADC and UART.a(UART_1.o)
 .debug_aranges
                0x00000838       0x70 .\ARM_GCC_541\Debug\CE95277 ADC and UART.a(UART_1_IntClock.o)
 .debug_aranges
                0x000008a8       0x50 .\ARM_GCC_541\Debug\CE95277 ADC and UART.a(WaveDAC8.o)
 .debug_aranges
                0x000008f8       0x70 .\ARM_GCC_541\Debug\CE95277 ADC and UART.a(WaveDAC8_DacClk.o)
 .debug_aranges
                0x00000968       0x28 .\ARM_GCC_541\Debug\CE95277 ADC and UART.a(WaveDAC8_Wave1_DMA_dma.o)
 .debug_aranges
                0x00000990       0x28 .\ARM_GCC_541\Debug\CE95277 ADC and UART.a(WaveDAC8_Wave2_DMA_dma.o)
 .debug_aranges
                0x000009b8       0x58 .\ARM_GCC_541\Debug\CE95277 ADC and UART.a(WaveDAC8_VDAC8.o)
 .debug_aranges
                0x00000a10       0x88 .\ARM_GCC_541\Debug\CE95277 ADC and UART.a(Timer.o)
 .debug_aranges
                0x00000a98       0x80 .\ARM_GCC_541\Debug\CE95277 ADC and UART.a(isr.o)
 .debug_aranges
                0x00000b18       0x20 .\ARM_GCC_541\Debug\CE95277 ADC and UART.a(CyBootAsmGnu.o)
 .debug_aranges
                0x00000b38       0x80 .\ARM_GCC_541\Debug\CE95277 ADC and UART.a(CyFlash.o)
 .debug_aranges
                0x00000bb8       0x78 .\ARM_GCC_541\Debug\CE95277 ADC and UART.a(CySpc.o)

.debug_pubnames
 *(.debug_pubnames)

.debug_info     0x00000000     0x5189
 *(.debug_info .gnu.linkonce.wi.*)
 .debug_info    0x00000000      0x17c .\ARM_GCC_541\Debug\main.o
 .debug_info    0x0000017c      0x448 .\ARM_GCC_541\Debug\cyfitter_cfg.o
 .debug_info    0x000005c4      0x136 .\ARM_GCC_541\Debug\cymetadata.o
 .debug_info    0x000006fa      0x32b .\ARM_GCC_541\Debug\Cm3Start.o
 .debug_info    0x00000a25      0x72c .\ARM_GCC_541\Debug\CE95277 ADC and UART.a(ADC_DelSig_1.o)
 .debug_info    0x00001151       0xd3 .\ARM_GCC_541\Debug\CE95277 ADC and UART.a(ADC_DelSig_1_INT.o)
 .debug_info    0x00001224      0x10a .\ARM_GCC_541\Debug\CE95277 ADC and UART.a(ADC_DelSig_1_AMux.o)
 .debug_info    0x0000132e      0x25d .\ARM_GCC_541\Debug\CE95277 ADC and UART.a(ADC_DelSig_1_Ext_CP_Clk.o)
 .debug_info    0x0000158b      0x299 .\ARM_GCC_541\Debug\CE95277 ADC and UART.a(ADC_DelSig_1_theACLK.o)
 .debug_info    0x00001824      0x8c0 .\ARM_GCC_541\Debug\CE95277 ADC and UART.a(CyDmac.o)
 .debug_info    0x000020e4      0xe51 .\ARM_GCC_541\Debug\CE95277 ADC and UART.a(CyLib.o)
 .debug_info    0x00002f35      0x57a .\ARM_GCC_541\Debug\CE95277 ADC and UART.a(cyPm.o)
 .debug_info    0x000034af      0x50a .\ARM_GCC_541\Debug\CE95277 ADC and UART.a(UART_1.o)
 .debug_info    0x000039b9      0x25d .\ARM_GCC_541\Debug\CE95277 ADC and UART.a(UART_1_IntClock.o)
 .debug_info    0x00003c16      0x248 .\ARM_GCC_541\Debug\CE95277 ADC and UART.a(WaveDAC8.o)
 .debug_info    0x00003e5e      0x25d .\ARM_GCC_541\Debug\CE95277 ADC and UART.a(WaveDAC8_DacClk.o)
 .debug_info    0x000040bb      0x11b .\ARM_GCC_541\Debug\CE95277 ADC and UART.a(WaveDAC8_Wave1_DMA_dma.o)
 .debug_info    0x000041d6      0x11b .\ARM_GCC_541\Debug\CE95277 ADC and UART.a(WaveDAC8_Wave2_DMA_dma.o)
 .debug_info    0x000042f1      0x185 .\ARM_GCC_541\Debug\CE95277 ADC and UART.a(WaveDAC8_VDAC8.o)
 .debug_info    0x00004476      0x245 .\ARM_GCC_541\Debug\CE95277 ADC and UART.a(Timer.o)
 .debug_info    0x000046bb      0x241 .\ARM_GCC_541\Debug\CE95277 ADC and UART.a(isr.o)
 .debug_info    0x000048fc       0xc2 .\ARM_GCC_541\Debug\CE95277 ADC and UART.a(CyBootAsmGnu.o)
 .debug_info    0x000049be      0x371 .\ARM_GCC_541\Debug\CE95277 ADC and UART.a(CyFlash.o)
 .debug_info    0x00004d2f      0x45a .\ARM_GCC_541\Debug\CE95277 ADC and UART.a(CySpc.o)

.debug_abbrev   0x00000000     0x19e9
 *(.debug_abbrev)
 .debug_abbrev  0x00000000       0xc0 .\ARM_GCC_541\Debug\main.o
 .debug_abbrev  0x000000c0      0x1b0 .\ARM_GCC_541\Debug\cyfitter_cfg.o
 .debug_abbrev  0x00000270       0x77 .\ARM_GCC_541\Debug\cymetadata.o
 .debug_abbrev  0x000002e7      0x1d6 .\ARM_GCC_541\Debug\Cm3Start.o
 .debug_abbrev  0x000004bd      0x19d .\ARM_GCC_541\Debug\CE95277 ADC and UART.a(ADC_DelSig_1.o)
 .debug_abbrev  0x0000065a       0x42 .\ARM_GCC_541\Debug\CE95277 ADC and UART.a(ADC_DelSig_1_INT.o)
 .debug_abbrev  0x0000069c       0x6f .\ARM_GCC_541\Debug\CE95277 ADC and UART.a(ADC_DelSig_1_AMux.o)
 .debug_abbrev  0x0000070b      0x11d .\ARM_GCC_541\Debug\CE95277 ADC and UART.a(ADC_DelSig_1_Ext_CP_Clk.o)
 .debug_abbrev  0x00000828      0x11d .\ARM_GCC_541\Debug\CE95277 ADC and UART.a(ADC_DelSig_1_theACLK.o)
 .debug_abbrev  0x00000945      0x194 .\ARM_GCC_541\Debug\CE95277 ADC and UART.a(CyDmac.o)
 .debug_abbrev  0x00000ad9      0x217 .\ARM_GCC_541\Debug\CE95277 ADC and UART.a(CyLib.o)
 .debug_abbrev  0x00000cf0      0x161 .\ARM_GCC_541\Debug\CE95277 ADC and UART.a(cyPm.o)
 .debug_abbrev  0x00000e51      0x163 .\ARM_GCC_541\Debug\CE95277 ADC and UART.a(UART_1.o)
 .debug_abbrev  0x00000fb4      0x11d .\ARM_GCC_541\Debug\CE95277 ADC and UART.a(UART_1_IntClock.o)
 .debug_abbrev  0x000010d1       0xe3 .\ARM_GCC_541\Debug\CE95277 ADC and UART.a(WaveDAC8.o)
 .debug_abbrev  0x000011b4      0x11d .\ARM_GCC_541\Debug\CE95277 ADC and UART.a(WaveDAC8_DacClk.o)
 .debug_abbrev  0x000012d1       0x8b .\ARM_GCC_541\Debug\CE95277 ADC and UART.a(WaveDAC8_Wave1_DMA_dma.o)
 .debug_abbrev  0x0000135c       0x8b .\ARM_GCC_541\Debug\CE95277 ADC and UART.a(WaveDAC8_Wave2_DMA_dma.o)
 .debug_abbrev  0x000013e7       0xeb .\ARM_GCC_541\Debug\CE95277 ADC and UART.a(WaveDAC8_VDAC8.o)
 .debug_abbrev  0x000014d2       0xe9 .\ARM_GCC_541\Debug\CE95277 ADC and UART.a(Timer.o)
 .debug_abbrev  0x000015bb      0x172 .\ARM_GCC_541\Debug\CE95277 ADC and UART.a(isr.o)
 .debug_abbrev  0x0000172d       0x14 .\ARM_GCC_541\Debug\CE95277 ADC and UART.a(CyBootAsmGnu.o)
 .debug_abbrev  0x00001741      0x13c .\ARM_GCC_541\Debug\CE95277 ADC and UART.a(CyFlash.o)
 .debug_abbrev  0x0000187d      0x16c .\ARM_GCC_541\Debug\CE95277 ADC and UART.a(CySpc.o)

.debug_line     0x00000000     0x2e5c
 *(.debug_line)
 .debug_line    0x00000000      0x1c5 .\ARM_GCC_541\Debug\main.o
 .debug_line    0x000001c5      0x226 .\ARM_GCC_541\Debug\cyfitter_cfg.o
 .debug_line    0x000003eb      0x141 .\ARM_GCC_541\Debug\cymetadata.o
 .debug_line    0x0000052c      0x1db .\ARM_GCC_541\Debug\Cm3Start.o
 .debug_line    0x00000707      0x365 .\ARM_GCC_541\Debug\CE95277 ADC and UART.a(ADC_DelSig_1.o)
 .debug_line    0x00000a6c       0x95 .\ARM_GCC_541\Debug\CE95277 ADC and UART.a(ADC_DelSig_1_INT.o)
 .debug_line    0x00000b01       0xa6 .\ARM_GCC_541\Debug\CE95277 ADC and UART.a(ADC_DelSig_1_AMux.o)
 .debug_line    0x00000ba7      0x1b6 .\ARM_GCC_541\Debug\CE95277 ADC and UART.a(ADC_DelSig_1_Ext_CP_Clk.o)
 .debug_line    0x00000d5d      0x1d7 .\ARM_GCC_541\Debug\CE95277 ADC and UART.a(ADC_DelSig_1_theACLK.o)
 .debug_line    0x00000f34      0x2b6 .\ARM_GCC_541\Debug\CE95277 ADC and UART.a(CyDmac.o)
 .debug_line    0x000011ea      0x883 .\ARM_GCC_541\Debug\CE95277 ADC and UART.a(CyLib.o)
 .debug_line    0x00001a6d      0x38e .\ARM_GCC_541\Debug\CE95277 ADC and UART.a(cyPm.o)
 .debug_line    0x00001dfb      0x2e4 .\ARM_GCC_541\Debug\CE95277 ADC and UART.a(UART_1.o)
 .debug_line    0x000020df      0x1ae .\ARM_GCC_541\Debug\CE95277 ADC and UART.a(UART_1_IntClock.o)
 .debug_line    0x0000228d       0xf2 .\ARM_GCC_541\Debug\CE95277 ADC and UART.a(WaveDAC8.o)
 .debug_line    0x0000237f      0x1ae .\ARM_GCC_541\Debug\CE95277 ADC and UART.a(WaveDAC8_DacClk.o)
 .debug_line    0x0000252d       0x85 .\ARM_GCC_541\Debug\CE95277 ADC and UART.a(WaveDAC8_Wave1_DMA_dma.o)
 .debug_line    0x000025b2       0x85 .\ARM_GCC_541\Debug\CE95277 ADC and UART.a(WaveDAC8_Wave2_DMA_dma.o)
 .debug_line    0x00002637       0xf6 .\ARM_GCC_541\Debug\CE95277 ADC and UART.a(WaveDAC8_VDAC8.o)
 .debug_line    0x0000272d      0x15d .\ARM_GCC_541\Debug\CE95277 ADC and UART.a(Timer.o)
 .debug_line    0x0000288a      0x13e .\ARM_GCC_541\Debug\CE95277 ADC and UART.a(isr.o)
 .debug_line    0x000029c8       0x7d .\ARM_GCC_541\Debug\CE95277 ADC and UART.a(CyBootAsmGnu.o)
 .debug_line    0x00002a45      0x205 .\ARM_GCC_541\Debug\CE95277 ADC and UART.a(CyFlash.o)
 .debug_line    0x00002c4a      0x212 .\ARM_GCC_541\Debug\CE95277 ADC and UART.a(CySpc.o)

.debug_frame    0x00000000     0x3420
 *(.debug_frame)
 .debug_frame   0x00000000       0x4c .\ARM_GCC_541\Debug\main.o
 .debug_frame   0x0000004c      0x1bc .\ARM_GCC_541\Debug\cyfitter_cfg.o
 .debug_frame   0x00000208       0xd8 .\ARM_GCC_541\Debug\Cm3Start.o
 .debug_frame   0x000002e0      0x40c .\ARM_GCC_541\Debug\CE95277 ADC and UART.a(ADC_DelSig_1.o)
 .debug_frame   0x000006ec       0xa0 .\ARM_GCC_541\Debug\CE95277 ADC and UART.a(ADC_DelSig_1_INT.o)
 .debug_frame   0x0000078c       0x88 .\ARM_GCC_541\Debug\CE95277 ADC and UART.a(ADC_DelSig_1_AMux.o)
 .debug_frame   0x00000814      0x1b4 .\ARM_GCC_541\Debug\CE95277 ADC and UART.a(ADC_DelSig_1_Ext_CP_Clk.o)
 .debug_frame   0x000009c8      0x200 .\ARM_GCC_541\Debug\CE95277 ADC and UART.a(ADC_DelSig_1_theACLK.o)
 .debug_frame   0x00000bc8      0x3d0 .\ARM_GCC_541\Debug\CE95277 ADC and UART.a(CyDmac.o)
 .debug_frame   0x00000f98      0xc0c .\ARM_GCC_541\Debug\CE95277 ADC and UART.a(CyLib.o)
 .debug_frame   0x00001ba4      0x234 .\ARM_GCC_541\Debug\CE95277 ADC and UART.a(cyPm.o)
 .debug_frame   0x00001dd8      0x42c .\ARM_GCC_541\Debug\CE95277 ADC and UART.a(UART_1.o)
 .debug_frame   0x00002204      0x1b4 .\ARM_GCC_541\Debug\CE95277 ADC and UART.a(UART_1_IntClock.o)
 .debug_frame   0x000023b8       0xf8 .\ARM_GCC_541\Debug\CE95277 ADC and UART.a(WaveDAC8.o)
 .debug_frame   0x000024b0      0x1b4 .\ARM_GCC_541\Debug\CE95277 ADC and UART.a(WaveDAC8_DacClk.o)
 .debug_frame   0x00002664       0x58 .\ARM_GCC_541\Debug\CE95277 ADC and UART.a(WaveDAC8_Wave1_DMA_dma.o)
 .debug_frame   0x000026bc       0x58 .\ARM_GCC_541\Debug\CE95277 ADC and UART.a(WaveDAC8_Wave2_DMA_dma.o)
 .debug_frame   0x00002714      0x130 .\ARM_GCC_541\Debug\CE95277 ADC and UART.a(WaveDAC8_VDAC8.o)
 .debug_frame   0x00002844      0x208 .\ARM_GCC_541\Debug\CE95277 ADC and UART.a(Timer.o)
 .debug_frame   0x00002a4c      0x1e8 .\ARM_GCC_541\Debug\CE95277 ADC and UART.a(isr.o)
 .debug_frame   0x00002c34      0x210 .\ARM_GCC_541\Debug\CE95277 ADC and UART.a(CyFlash.o)
 .debug_frame   0x00002e44      0x1f8 .\ARM_GCC_541\Debug\CE95277 ADC and UART.a(CySpc.o)
 .debug_frame   0x0000303c       0x20 c:/program files (x86)/cypress/psoc creator/4.2/psoc creator/import/gnu/arm/5.4.1/bin/../lib/gcc/arm-none-eabi/5.4.1/../../../../arm-none-eabi/lib/armv7-m\libg_nano.a(lib_a-errno.o)
 .debug_frame   0x0000305c       0x28 c:/program files (x86)/cypress/psoc creator/4.2/psoc creator/import/gnu/arm/5.4.1/bin/../lib/gcc/arm-none-eabi/5.4.1/../../../../arm-none-eabi/lib/armv7-m\libg_nano.a(lib_a-exit.o)
 .debug_frame   0x00003084       0x2c c:/program files (x86)/cypress/psoc creator/4.2/psoc creator/import/gnu/arm/5.4.1/bin/../lib/gcc/arm-none-eabi/5.4.1/../../../../arm-none-eabi/lib/armv7-m\libg_nano.a(lib_a-init.o)
 .debug_frame   0x000030b0       0x28 c:/program files (x86)/cypress/psoc creator/4.2/psoc creator/import/gnu/arm/5.4.1/bin/../lib/gcc/arm-none-eabi/5.4.1/../../../../arm-none-eabi/lib/armv7-m\libg_nano.a(lib_a-memcpy-stub.o)
 .debug_frame   0x000030d8       0x20 c:/program files (x86)/cypress/psoc creator/4.2/psoc creator/import/gnu/arm/5.4.1/bin/../lib/gcc/arm-none-eabi/5.4.1/../../../../arm-none-eabi/lib/armv7-m\libg_nano.a(lib_a-memset.o)
 .debug_frame   0x000030f8       0x70 c:/program files (x86)/cypress/psoc creator/4.2/psoc creator/import/gnu/arm/5.4.1/bin/../lib/gcc/arm-none-eabi/5.4.1/../../../../arm-none-eabi/lib/armv7-m\libg_nano.a(lib_a-sprintf.o)
 .debug_frame   0x00003168       0x90 c:/program files (x86)/cypress/psoc creator/4.2/psoc creator/import/gnu/arm/5.4.1/bin/../lib/gcc/arm-none-eabi/5.4.1/../../../../arm-none-eabi/lib/armv7-m\libg_nano.a(lib_a-nano-svfprintf.o)
 .debug_frame   0x000031f8       0x60 c:/program files (x86)/cypress/psoc creator/4.2/psoc creator/import/gnu/arm/5.4.1/bin/../lib/gcc/arm-none-eabi/5.4.1/../../../../arm-none-eabi/lib/armv7-m\libg_nano.a(lib_a-nano-vfprintf_i.o)
 .debug_frame   0x00003258       0x28 c:/program files (x86)/cypress/psoc creator/4.2/psoc creator/import/gnu/arm/5.4.1/bin/../lib/gcc/arm-none-eabi/5.4.1/../../../../arm-none-eabi/lib/armv7-m\libg_nano.a(lib_a-memchr-stub.o)
 .debug_frame   0x00003280       0x28 c:/program files (x86)/cypress/psoc creator/4.2/psoc creator/import/gnu/arm/5.4.1/bin/../lib/gcc/arm-none-eabi/5.4.1/../../../../arm-none-eabi/lib/armv7-m\libg_nano.a(lib_a-memmove.o)
 .debug_frame   0x000032a8       0x38 c:/program files (x86)/cypress/psoc creator/4.2/psoc creator/import/gnu/arm/5.4.1/bin/../lib/gcc/arm-none-eabi/5.4.1/../../../../arm-none-eabi/lib/armv7-m\libg_nano.a(lib_a-nano-freer.o)
 .debug_frame   0x000032e0       0x2c c:/program files (x86)/cypress/psoc creator/4.2/psoc creator/import/gnu/arm/5.4.1/bin/../lib/gcc/arm-none-eabi/5.4.1/../../../../arm-none-eabi/lib/armv7-m\libg_nano.a(lib_a-nano-mallocr.o)
 .debug_frame   0x0000330c       0x3c c:/program files (x86)/cypress/psoc creator/4.2/psoc creator/import/gnu/arm/5.4.1/bin/../lib/gcc/arm-none-eabi/5.4.1/../../../../arm-none-eabi/lib/armv7-m\libg_nano.a(lib_a-nano-reallocr.o)
 .debug_frame   0x00003348       0x2c c:/program files (x86)/cypress/psoc creator/4.2/psoc creator/import/gnu/arm/5.4.1/bin/../lib/gcc/arm-none-eabi/5.4.1/../../../../arm-none-eabi/lib/armv7-m\libg_nano.a(lib_a-sbrkr.o)
 .debug_frame   0x00003374       0x30 c:/program files (x86)/cypress/psoc creator/4.2/psoc creator/import/gnu/arm/5.4.1/bin/../lib/gcc/arm-none-eabi/5.4.1/../../../../arm-none-eabi/lib/armv7-m\libg_nano.a(lib_a-mlock.o)
 .debug_frame   0x000033a4       0x20 c:/program files (x86)/cypress/psoc creator/4.2/psoc creator/import/gnu/arm/5.4.1/bin/../lib/gcc/arm-none-eabi/5.4.1/../../../../arm-none-eabi/lib/armv7-m\libg_nano.a(lib_a-nano-msizer.o)
 .debug_frame   0x000033c4       0x5c c:/program files (x86)/cypress/psoc creator/4.2/psoc creator/import/gnu/arm/5.4.1/bin/../lib/gcc/arm-none-eabi/5.4.1/../../../../arm-none-eabi/lib/armv7-m\libg_nano.a(lib_a-reent.o)

.debug_str      0x00000000     0x2b4c
 *(.debug_str)
 .debug_str     0x00000000      0x1f1 .\ARM_GCC_541\Debug\main.o
                                0x246 (size before relaxing)
 .debug_str     0x000001f1      0x1de .\ARM_GCC_541\Debug\cyfitter_cfg.o
                                0x3a5 (size before relaxing)
 .debug_str     0x000003cf       0x7f .\ARM_GCC_541\Debug\cymetadata.o
                                0x216 (size before relaxing)
 .debug_str     0x0000044e      0x123 .\ARM_GCC_541\Debug\Cm3Start.o
                                0x309 (size before relaxing)
 .debug_str     0x00000571      0x43e .\ARM_GCC_541\Debug\CE95277 ADC and UART.a(ADC_DelSig_1.o)
                                0x655 (size before relaxing)
 .debug_str     0x000009af       0x72 .\ARM_GCC_541\Debug\CE95277 ADC and UART.a(ADC_DelSig_1_INT.o)
                                0x21f (size before relaxing)
 .debug_str     0x00000a21       0x9c .\ARM_GCC_541\Debug\CE95277 ADC and UART.a(ADC_DelSig_1_AMux.o)
                                0x242 (size before relaxing)
 .debug_str     0x00000abd      0x220 .\ARM_GCC_541\Debug\CE95277 ADC and UART.a(ADC_DelSig_1_Ext_CP_Clk.o)
                                0x3e0 (size before relaxing)
 .debug_str     0x00000cdd      0x208 .\ARM_GCC_541\Debug\CE95277 ADC and UART.a(ADC_DelSig_1_theACLK.o)
                                0x411 (size before relaxing)
 .debug_str     0x00000ee5      0x367 .\ARM_GCC_541\Debug\CE95277 ADC and UART.a(CyDmac.o)
                                0x54f (size before relaxing)
 .debug_str     0x0000124c      0x7de .\ARM_GCC_541\Debug\CE95277 ADC and UART.a(CyLib.o)
                                0xa1c (size before relaxing)
 .debug_str     0x00001a2a      0x371 .\ARM_GCC_541\Debug\CE95277 ADC and UART.a(cyPm.o)
                                0x575 (size before relaxing)
 .debug_str     0x00001d9b      0x2a1 .\ARM_GCC_541\Debug\CE95277 ADC and UART.a(UART_1.o)
                                0x48d (size before relaxing)
 .debug_str     0x0000203c      0x177 .\ARM_GCC_541\Debug\CE95277 ADC and UART.a(UART_1_IntClock.o)
                                0x380 (size before relaxing)
 .debug_str     0x000021b3      0x14a .\ARM_GCC_541\Debug\CE95277 ADC and UART.a(WaveDAC8.o)
                                0x30b (size before relaxing)
 .debug_str     0x000022fd      0x177 .\ARM_GCC_541\Debug\CE95277 ADC and UART.a(WaveDAC8_DacClk.o)
                                0x380 (size before relaxing)
 .debug_str     0x00002474       0xc7 .\ARM_GCC_541\Debug\CE95277 ADC and UART.a(WaveDAC8_Wave1_DMA_dma.o)
                                0x281 (size before relaxing)
 .debug_str     0x0000253b       0x8c .\ARM_GCC_541\Debug\CE95277 ADC and UART.a(WaveDAC8_Wave2_DMA_dma.o)
                                0x281 (size before relaxing)
 .debug_str     0x000025c7       0xfd .\ARM_GCC_541\Debug\CE95277 ADC and UART.a(WaveDAC8_VDAC8.o)
                                0x2ab (size before relaxing)
 .debug_str     0x000026c4      0x15a .\ARM_GCC_541\Debug\CE95277 ADC and UART.a(Timer.o)
                                0x327 (size before relaxing)
 .debug_str     0x0000281e       0xca .\ARM_GCC_541\Debug\CE95277 ADC and UART.a(isr.o)
                                0x2bc (size before relaxing)
 .debug_str     0x000028e8      0x145 .\ARM_GCC_541\Debug\CE95277 ADC and UART.a(CyFlash.o)
                                0x328 (size before relaxing)
 .debug_str     0x00002a2d      0x11f .\ARM_GCC_541\Debug\CE95277 ADC and UART.a(CySpc.o)
                                0x325 (size before relaxing)

.debug_loc
 *(.debug_loc)

.debug_macinfo
 *(.debug_macinfo)

.debug_ranges   0x00000000      0xa98
 *(.debug_ranges)
 .debug_ranges  0x00000000       0x18 .\ARM_GCC_541\Debug\main.o
 .debug_ranges  0x00000018       0x60 .\ARM_GCC_541\Debug\cyfitter_cfg.o
 .debug_ranges  0x00000078       0x38 .\ARM_GCC_541\Debug\Cm3Start.o
 .debug_ranges  0x000000b0       0xd8 .\ARM_GCC_541\Debug\CE95277 ADC and UART.a(ADC_DelSig_1.o)
 .debug_ranges  0x00000188       0x28 .\ARM_GCC_541\Debug\CE95277 ADC and UART.a(ADC_DelSig_1_INT.o)
 .debug_ranges  0x000001b0       0x20 .\ARM_GCC_541\Debug\CE95277 ADC and UART.a(ADC_DelSig_1_AMux.o)
 .debug_ranges  0x000001d0       0x60 .\ARM_GCC_541\Debug\CE95277 ADC and UART.a(ADC_DelSig_1_Ext_CP_Clk.o)
 .debug_ranges  0x00000230       0x70 .\ARM_GCC_541\Debug\CE95277 ADC and UART.a(ADC_DelSig_1_theACLK.o)
 .debug_ranges  0x000002a0       0xc8 .\ARM_GCC_541\Debug\CE95277 ADC and UART.a(CyDmac.o)
 .debug_ranges  0x00000368      0x290 .\ARM_GCC_541\Debug\CE95277 ADC and UART.a(CyLib.o)
 .debug_ranges  0x000005f8       0x88 .\ARM_GCC_541\Debug\CE95277 ADC and UART.a(cyPm.o)
 .debug_ranges  0x00000680       0xe0 .\ARM_GCC_541\Debug\CE95277 ADC and UART.a(UART_1.o)
 .debug_ranges  0x00000760       0x60 .\ARM_GCC_541\Debug\CE95277 ADC and UART.a(UART_1_IntClock.o)
 .debug_ranges  0x000007c0       0x40 .\ARM_GCC_541\Debug\CE95277 ADC and UART.a(WaveDAC8.o)
 .debug_ranges  0x00000800       0x60 .\ARM_GCC_541\Debug\CE95277 ADC and UART.a(WaveDAC8_DacClk.o)
 .debug_ranges  0x00000860       0x18 .\ARM_GCC_541\Debug\CE95277 ADC and UART.a(WaveDAC8_Wave1_DMA_dma.o)
 .debug_ranges  0x00000878       0x18 .\ARM_GCC_541\Debug\CE95277 ADC and UART.a(WaveDAC8_Wave2_DMA_dma.o)
 .debug_ranges  0x00000890       0x48 .\ARM_GCC_541\Debug\CE95277 ADC and UART.a(WaveDAC8_VDAC8.o)
 .debug_ranges  0x000008d8       0x78 .\ARM_GCC_541\Debug\CE95277 ADC and UART.a(Timer.o)
 .debug_ranges  0x00000950       0x70 .\ARM_GCC_541\Debug\CE95277 ADC and UART.a(isr.o)
 .debug_ranges  0x000009c0       0x70 .\ARM_GCC_541\Debug\CE95277 ADC and UART.a(CyFlash.o)
 .debug_ranges  0x00000a30       0x68 .\ARM_GCC_541\Debug\CE95277 ADC and UART.a(CySpc.o)

.comment        0x00000000       0x6e
 .comment       0x00000000       0x6e .\ARM_GCC_541\Debug\main.o
                                 0x6f (size before relaxing)
 .comment       0x0000006e       0x6f .\ARM_GCC_541\Debug\cyfitter_cfg.o
 .comment       0x0000006e       0x6f .\ARM_GCC_541\Debug\cymetadata.o
 .comment       0x0000006e       0x6f .\ARM_GCC_541\Debug\Cm3Start.o
 .comment       0x0000006e       0x6f .\ARM_GCC_541\Debug\CE95277 ADC and UART.a(ADC_DelSig_1.o)
 .comment       0x0000006e       0x6f .\ARM_GCC_541\Debug\CE95277 ADC and UART.a(ADC_DelSig_1_INT.o)
 .comment       0x0000006e       0x6f .\ARM_GCC_541\Debug\CE95277 ADC and UART.a(ADC_DelSig_1_AMux.o)
 .comment       0x0000006e       0x6f .\ARM_GCC_541\Debug\CE95277 ADC and UART.a(ADC_DelSig_1_Ext_CP_Clk.o)
 .comment       0x0000006e       0x6f .\ARM_GCC_541\Debug\CE95277 ADC and UART.a(ADC_DelSig_1_theACLK.o)
 .comment       0x0000006e       0x6f .\ARM_GCC_541\Debug\CE95277 ADC and UART.a(CyDmac.o)
 .comment       0x0000006e       0x6f .\ARM_GCC_541\Debug\CE95277 ADC and UART.a(CyLib.o)
 .comment       0x0000006e       0x6f .\ARM_GCC_541\Debug\CE95277 ADC and UART.a(cyPm.o)
 .comment       0x0000006e       0x6f .\ARM_GCC_541\Debug\CE95277 ADC and UART.a(UART_1.o)
 .comment       0x0000006e       0x6f .\ARM_GCC_541\Debug\CE95277 ADC and UART.a(UART_1_IntClock.o)
 .comment       0x0000006e       0x6f .\ARM_GCC_541\Debug\CE95277 ADC and UART.a(WaveDAC8.o)
 .comment       0x0000006e       0x6f .\ARM_GCC_541\Debug\CE95277 ADC and UART.a(WaveDAC8_DacClk.o)
 .comment       0x0000006e       0x6f .\ARM_GCC_541\Debug\CE95277 ADC and UART.a(WaveDAC8_Wave1_DMA_dma.o)
 .comment       0x0000006e       0x6f .\ARM_GCC_541\Debug\CE95277 ADC and UART.a(WaveDAC8_Wave2_DMA_dma.o)
 .comment       0x0000006e       0x6f .\ARM_GCC_541\Debug\CE95277 ADC and UART.a(WaveDAC8_VDAC8.o)
 .comment       0x0000006e       0x6f .\ARM_GCC_541\Debug\CE95277 ADC and UART.a(Timer.o)
 .comment       0x0000006e       0x6f .\ARM_GCC_541\Debug\CE95277 ADC and UART.a(isr.o)
 .comment       0x0000006e       0x6f .\ARM_GCC_541\Debug\CE95277 ADC and UART.a(CyFlash.o)
 .comment       0x0000006e       0x6f .\ARM_GCC_541\Debug\CE95277 ADC and UART.a(CySpc.o)

.debug_weaknames
 *(.debug_weaknames)

.debug_funcnames
 *(.debug_funcnames)

.debug_typenames
 *(.debug_typenames)

.debug_varnames
 *(.debug_varnames)

.note.gnu.arm.ident
 *(.note.gnu.arm.ident)

.ARM.attributes
                0x00000000       0x29
 *(.ARM.attributes)
 .ARM.attributes
                0x00000000       0x1d c:/program files (x86)/cypress/psoc creator/4.2/psoc creator/import/gnu/arm/5.4.1/bin/../lib/gcc/arm-none-eabi/5.4.1/armv7-m/crti.o
 .ARM.attributes
                0x0000001d       0x2d c:/program files (x86)/cypress/psoc creator/4.2/psoc creator/import/gnu/arm/5.4.1/bin/../lib/gcc/arm-none-eabi/5.4.1/armv7-m/crtbegin.o
 .ARM.attributes
                0x0000004a       0x1b c:/program files (x86)/cypress/psoc creator/4.2/psoc creator/import/gnu/arm/5.4.1/bin/../lib/gcc/arm-none-eabi/5.4.1/../../../../arm-none-eabi/lib/armv7-m/crt0.o
 .ARM.attributes
                0x00000065       0x33 .\ARM_GCC_541\Debug\main.o
 .ARM.attributes
                0x00000098       0x33 .\ARM_GCC_541\Debug\cyfitter_cfg.o
 .ARM.attributes
                0x000000cb       0x33 .\ARM_GCC_541\Debug\cymetadata.o
 .ARM.attributes
                0x000000fe       0x33 .\ARM_GCC_541\Debug\Cm3Start.o
 .ARM.attributes
                0x00000131       0x33 .\ARM_GCC_541\Debug\CE95277 ADC and UART.a(ADC_DelSig_1.o)
 .ARM.attributes
                0x00000164       0x33 .\ARM_GCC_541\Debug\CE95277 ADC and UART.a(ADC_DelSig_1_INT.o)
 .ARM.attributes
                0x00000197       0x33 .\ARM_GCC_541\Debug\CE95277 ADC and UART.a(ADC_DelSig_1_AMux.o)
 .ARM.attributes
                0x000001ca       0x33 .\ARM_GCC_541\Debug\CE95277 ADC and UART.a(ADC_DelSig_1_Ext_CP_Clk.o)
 .ARM.attributes
                0x000001fd       0x33 .\ARM_GCC_541\Debug\CE95277 ADC and UART.a(ADC_DelSig_1_theACLK.o)
 .ARM.attributes
                0x00000230       0x33 .\ARM_GCC_541\Debug\CE95277 ADC and UART.a(CyDmac.o)
 .ARM.attributes
                0x00000263       0x33 .\ARM_GCC_541\Debug\CE95277 ADC and UART.a(CyLib.o)
 .ARM.attributes
                0x00000296       0x33 .\ARM_GCC_541\Debug\CE95277 ADC and UART.a(cyPm.o)
 .ARM.attributes
                0x000002c9       0x33 .\ARM_GCC_541\Debug\CE95277 ADC and UART.a(UART_1.o)
 .ARM.attributes
                0x000002fc       0x33 .\ARM_GCC_541\Debug\CE95277 ADC and UART.a(UART_1_IntClock.o)
 .ARM.attributes
                0x0000032f       0x33 .\ARM_GCC_541\Debug\CE95277 ADC and UART.a(WaveDAC8.o)
 .ARM.attributes
                0x00000362       0x33 .\ARM_GCC_541\Debug\CE95277 ADC and UART.a(WaveDAC8_DacClk.o)
 .ARM.attributes
                0x00000395       0x33 .\ARM_GCC_541\Debug\CE95277 ADC and UART.a(WaveDAC8_Wave1_DMA_dma.o)
 .ARM.attributes
                0x000003c8       0x33 .\ARM_GCC_541\Debug\CE95277 ADC and UART.a(WaveDAC8_Wave2_DMA_dma.o)
 .ARM.attributes
                0x000003fb       0x33 .\ARM_GCC_541\Debug\CE95277 ADC and UART.a(WaveDAC8_VDAC8.o)
 .ARM.attributes
                0x0000042e       0x33 .\ARM_GCC_541\Debug\CE95277 ADC and UART.a(Timer.o)
 .ARM.attributes
                0x00000461       0x33 .\ARM_GCC_541\Debug\CE95277 ADC and UART.a(isr.o)
 .ARM.attributes
                0x00000494       0x21 .\ARM_GCC_541\Debug\CE95277 ADC and UART.a(CyBootAsmGnu.o)
 .ARM.attributes
                0x000004b5       0x33 .\ARM_GCC_541\Debug\CE95277 ADC and UART.a(CyFlash.o)
 .ARM.attributes
                0x000004e8       0x33 .\ARM_GCC_541\Debug\CE95277 ADC and UART.a(CySpc.o)
 .ARM.attributes
                0x0000051b       0x1d c:/program files (x86)/cypress/psoc creator/4.2/psoc creator/import/gnu/arm/5.4.1/bin/../lib/gcc/arm-none-eabi/5.4.1/armv7-m\libgcc.a(_arm_addsubdf3.o)
 .ARM.attributes
                0x00000538       0x1d c:/program files (x86)/cypress/psoc creator/4.2/psoc creator/import/gnu/arm/5.4.1/bin/../lib/gcc/arm-none-eabi/5.4.1/armv7-m\libgcc.a(_arm_cmpdf2.o)
 .ARM.attributes
                0x00000555       0x1d c:/program files (x86)/cypress/psoc creator/4.2/psoc creator/import/gnu/arm/5.4.1/bin/../lib/gcc/arm-none-eabi/5.4.1/armv7-m\libgcc.a(_arm_addsubsf3.o)
 .ARM.attributes
                0x00000572       0x1d c:/program files (x86)/cypress/psoc creator/4.2/psoc creator/import/gnu/arm/5.4.1/bin/../lib/gcc/arm-none-eabi/5.4.1/armv7-m\libgcc.a(_arm_muldivsf3.o)
 .ARM.attributes
                0x0000058f       0x1d c:/program files (x86)/cypress/psoc creator/4.2/psoc creator/import/gnu/arm/5.4.1/bin/../lib/gcc/arm-none-eabi/5.4.1/armv7-m\libgcc.a(_arm_fixunssfsi.o)
 .ARM.attributes
                0x000005ac       0x2d c:/program files (x86)/cypress/psoc creator/4.2/psoc creator/import/gnu/arm/5.4.1/bin/../lib/gcc/arm-none-eabi/5.4.1/../../../../arm-none-eabi/lib/armv7-m\libg_nano.a(lib_a-errno.o)
 .ARM.attributes
                0x000005d9       0x2d c:/program files (x86)/cypress/psoc creator/4.2/psoc creator/import/gnu/arm/5.4.1/bin/../lib/gcc/arm-none-eabi/5.4.1/../../../../arm-none-eabi/lib/armv7-m\libg_nano.a(lib_a-exit.o)
 .ARM.attributes
                0x00000606       0x2d c:/program files (x86)/cypress/psoc creator/4.2/psoc creator/import/gnu/arm/5.4.1/bin/../lib/gcc/arm-none-eabi/5.4.1/../../../../arm-none-eabi/lib/armv7-m\libg_nano.a(lib_a-impure.o)
 .ARM.attributes
                0x00000633       0x2d c:/program files (x86)/cypress/psoc creator/4.2/psoc creator/import/gnu/arm/5.4.1/bin/../lib/gcc/arm-none-eabi/5.4.1/../../../../arm-none-eabi/lib/armv7-m\libg_nano.a(lib_a-init.o)
 .ARM.attributes
                0x00000660       0x2d c:/program files (x86)/cypress/psoc creator/4.2/psoc creator/import/gnu/arm/5.4.1/bin/../lib/gcc/arm-none-eabi/5.4.1/../../../../arm-none-eabi/lib/armv7-m\libg_nano.a(lib_a-memcpy-stub.o)
 .ARM.attributes
                0x0000068d       0x2d c:/program files (x86)/cypress/psoc creator/4.2/psoc creator/import/gnu/arm/5.4.1/bin/../lib/gcc/arm-none-eabi/5.4.1/../../../../arm-none-eabi/lib/armv7-m\libg_nano.a(lib_a-memset.o)
 .ARM.attributes
                0x000006ba       0x2d c:/program files (x86)/cypress/psoc creator/4.2/psoc creator/import/gnu/arm/5.4.1/bin/../lib/gcc/arm-none-eabi/5.4.1/../../../../arm-none-eabi/lib/armv7-m\libg_nano.a(lib_a-sprintf.o)
 .ARM.attributes
                0x000006e7       0x2d c:/program files (x86)/cypress/psoc creator/4.2/psoc creator/import/gnu/arm/5.4.1/bin/../lib/gcc/arm-none-eabi/5.4.1/../../../../arm-none-eabi/lib/armv7-m\libg_nano.a(lib_a-nano-svfprintf.o)
 .ARM.attributes
                0x00000714       0x2d c:/program files (x86)/cypress/psoc creator/4.2/psoc creator/import/gnu/arm/5.4.1/bin/../lib/gcc/arm-none-eabi/5.4.1/../../../../arm-none-eabi/lib/armv7-m\libg_nano.a(lib_a-nano-vfprintf_i.o)
 .ARM.attributes
                0x00000741       0x2d c:/program files (x86)/cypress/psoc creator/4.2/psoc creator/import/gnu/arm/5.4.1/bin/../lib/gcc/arm-none-eabi/5.4.1/../../../../arm-none-eabi/lib/armv7-m\libg_nano.a(lib_a-memchr-stub.o)
 .ARM.attributes
                0x0000076e       0x2d c:/program files (x86)/cypress/psoc creator/4.2/psoc creator/import/gnu/arm/5.4.1/bin/../lib/gcc/arm-none-eabi/5.4.1/../../../../arm-none-eabi/lib/armv7-m\libg_nano.a(lib_a-memmove.o)
 .ARM.attributes
                0x0000079b       0x2d c:/program files (x86)/cypress/psoc creator/4.2/psoc creator/import/gnu/arm/5.4.1/bin/../lib/gcc/arm-none-eabi/5.4.1/../../../../arm-none-eabi/lib/armv7-m\libg_nano.a(lib_a-nano-freer.o)
 .ARM.attributes
                0x000007c8       0x2d c:/program files (x86)/cypress/psoc creator/4.2/psoc creator/import/gnu/arm/5.4.1/bin/../lib/gcc/arm-none-eabi/5.4.1/../../../../arm-none-eabi/lib/armv7-m\libg_nano.a(lib_a-nano-mallocr.o)
 .ARM.attributes
                0x000007f5       0x2d c:/program files (x86)/cypress/psoc creator/4.2/psoc creator/import/gnu/arm/5.4.1/bin/../lib/gcc/arm-none-eabi/5.4.1/../../../../arm-none-eabi/lib/armv7-m\libg_nano.a(lib_a-nano-reallocr.o)
 .ARM.attributes
                0x00000822       0x2d c:/program files (x86)/cypress/psoc creator/4.2/psoc creator/import/gnu/arm/5.4.1/bin/../lib/gcc/arm-none-eabi/5.4.1/../../../../arm-none-eabi/lib/armv7-m\libg_nano.a(lib_a-sbrkr.o)
 .ARM.attributes
                0x0000084f       0x2d c:/program files (x86)/cypress/psoc creator/4.2/psoc creator/import/gnu/arm/5.4.1/bin/../lib/gcc/arm-none-eabi/5.4.1/../../../../arm-none-eabi/lib/armv7-m\libg_nano.a(lib_a-mlock.o)
 .ARM.attributes
                0x0000087c       0x2d c:/program files (x86)/cypress/psoc creator/4.2/psoc creator/import/gnu/arm/5.4.1/bin/../lib/gcc/arm-none-eabi/5.4.1/../../../../arm-none-eabi/lib/armv7-m\libg_nano.a(lib_a-nano-msizer.o)
 .ARM.attributes
                0x000008a9       0x2d c:/program files (x86)/cypress/psoc creator/4.2/psoc creator/import/gnu/arm/5.4.1/bin/../lib/gcc/arm-none-eabi/5.4.1/../../../../arm-none-eabi/lib/armv7-m\libg_nano.a(lib_a-reent.o)
 .ARM.attributes
                0x000008d6       0x2d c:/program files (x86)/cypress/psoc creator/4.2/psoc creator/import/gnu/arm/5.4.1/bin/../lib/gcc/arm-none-eabi/5.4.1/armv7-m/crtend.o
 .ARM.attributes
                0x00000903       0x1d c:/program files (x86)/cypress/psoc creator/4.2/psoc creator/import/gnu/arm/5.4.1/bin/../lib/gcc/arm-none-eabi/5.4.1/armv7-m/crtn.o

/DISCARD/
 *(.note.GNU-stack)
OUTPUT(C:\Users\ecsa\Desktop\79427527\CE95277 ADC and UART.cywrk.Archive01\CE95277 ADC and UART\CE95277 ADC and UART.cydsn\ARM_GCC_541\Debug\CE95277 ADC and UART.elf elf32-littlearm)
